Component: ARM Compiler 5.06 update 4 (build 422) Tool: armlink [4d35d2]

==============================================================================

Section Cross References

    main.o(.text) refers to _printf_percent.o(.ARM.Collect$$_printf_percent$$00000000) for _printf_percent
    main.o(.text) refers to _printf_f.o(.ARM.Collect$$_printf_percent$$00000003) for _printf_f
    main.o(.text) refers to printf1.o(x$fpl$printf1) for _printf_fp_dec
    main.o(.text) refers to misc.o(.text) for NVIC_PriorityGroupConfig
    main.o(.text) refers to usart.o(.text) for uart_init
    main.o(.text) refers to led.o(.text) for LED_Init
    main.o(.text) refers to myiic.o(.text) for IIC_Init
    main.o(.text) refers to delay.o(.text) for delay_init
    main.o(.text) refers to bme280.o(.text) for bme280Init
    main.o(.text) refers to f2d.o(x$fpl$f2d) for __aeabi_f2d
    main.o(.text) refers to noretval__2printf.o(.text) for __2printf
    system_stm32f4xx.o(.text) refers to system_stm32f4xx.o(.data) for SystemCoreClock
    led.o(.text) refers to stm32f4xx_rcc.o(.text) for RCC_AHB1PeriphClockCmd
    led.o(.text) refers to stm32f4xx_gpio.o(.text) for GPIO_Init
    myiic.o(.text) refers to stm32f4xx_rcc.o(.text) for RCC_AHB1PeriphClockCmd
    myiic.o(.text) refers to stm32f4xx_gpio.o(.text) for GPIO_Init
    myiic.o(.text) refers to delay.o(.text) for delay_us
    24cxx.o(.text) refers to myiic.o(.text) for IIC_Init
    24cxx.o(.text) refers to delay.o(.text) for delay_ms
    bme280.o(.text) refers to myiic.o(.text) for iicDevRead
    bme280.o(.text) refers to delay.o(.text) for delay_ms
    bme280.o(.text) refers to f2d.o(x$fpl$f2d) for __aeabi_f2d
    bme280.o(.text) refers to pow.o(i.__hardfp_pow) for __hardfp_pow
    bme280.o(.text) refers to daddsub_clz.o(x$fpl$dsub) for __aeabi_dsub
    bme280.o(.text) refers to dmul.o(x$fpl$dmul) for __aeabi_dmul
    bme280.o(.text) refers to ddiv.o(x$fpl$ddiv) for __aeabi_ddiv
    bme280.o(.text) refers to d2f.o(x$fpl$d2f) for __aeabi_d2f
    bme280.o(.text) refers to bme280.o(.data) for dig_T1
    bme280.o(.text) refers to dflt_clz.o(x$fpl$dflt) for __aeabi_i2d
    bme280.o(.text) refers to dflt_clz.o(x$fpl$dfltu) for __aeabi_ui2d
    delay.o(.text) refers to misc.o(.text) for SysTick_CLKSourceConfig
    delay.o(.text) refers to delay.o(.data) for fac_us
    usart.o(.rev16_text) refers (Special) to use_no_semi_2.o(.text) for __use_no_semihosting
    usart.o(.revsh_text) refers (Special) to use_no_semi_2.o(.text) for __use_no_semihosting
    usart.o(.text) refers (Special) to use_no_semi_2.o(.text) for __use_no_semihosting
    usart.o(.text) refers to stm32f4xx_rcc.o(.text) for RCC_AHB1PeriphClockCmd
    usart.o(.text) refers to stm32f4xx_gpio.o(.text) for GPIO_PinAFConfig
    usart.o(.text) refers to stm32f4xx_usart.o(.text) for USART_Init
    usart.o(.text) refers to misc.o(.text) for NVIC_Init
    usart.o(.text) refers to usart.o(.data) for USART_RX_STA
    usart.o(.text) refers to usart.o(.bss) for USART_RX_BUF
    usart.o(.bss) refers (Special) to use_no_semi_2.o(.text) for __use_no_semihosting
    usart.o(.data) refers (Special) to use_no_semi_2.o(.text) for __use_no_semihosting
    startup_stm32f40_41xxx.o(STACK) refers (Special) to heapauxi.o(.text) for __use_two_region_memory
    startup_stm32f40_41xxx.o(HEAP) refers (Special) to heapauxi.o(.text) for __use_two_region_memory
    startup_stm32f40_41xxx.o(RESET) refers (Special) to heapauxi.o(.text) for __use_two_region_memory
    startup_stm32f40_41xxx.o(RESET) refers to startup_stm32f40_41xxx.o(STACK) for __initial_sp
    startup_stm32f40_41xxx.o(RESET) refers to startup_stm32f40_41xxx.o(.text) for Reset_Handler
    startup_stm32f40_41xxx.o(RESET) refers to stm32f4xx_it.o(.text) for NMI_Handler
    startup_stm32f40_41xxx.o(RESET) refers to usart.o(.text) for USART1_IRQHandler
    startup_stm32f40_41xxx.o(.text) refers (Special) to heapauxi.o(.text) for __use_two_region_memory
    startup_stm32f40_41xxx.o(.text) refers to system_stm32f4xx.o(.text) for SystemInit
    startup_stm32f40_41xxx.o(.text) refers to __main.o(!!!main) for __main
    startup_stm32f40_41xxx.o(.text) refers to startup_stm32f40_41xxx.o(HEAP) for Heap_Mem
    startup_stm32f40_41xxx.o(.text) refers to startup_stm32f40_41xxx.o(STACK) for Stack_Mem
    stm32f4xx_gpio.o(.text) refers to stm32f4xx_rcc.o(.text) for RCC_AHB1PeriphResetCmd
    stm32f4xx_fsmc.o(.text) refers to stm32f4xx_fsmc.o(.constdata) for FSMC_DefaultTimingStruct
    stm32f4xx_rcc.o(.text) refers to stm32f4xx_rcc.o(.data) for APBAHBPrescTable
    stm32f4xx_syscfg.o(.text) refers to stm32f4xx_rcc.o(.text) for RCC_APB2PeriphResetCmd
    stm32f4xx_usart.o(.text) refers to stm32f4xx_rcc.o(.text) for RCC_APB2PeriphResetCmd
    use_no_semi_2.o(.text) refers (Special) to use_no_semi.o(.text) for __use_no_semihosting_swi
    __2printf.o(.text) refers to _printf_char_file.o(.text) for _printf_char_file
[...]
    ../fplib/ddiv.s                          0x00000000   Number         0  ddiv.o ABSOLUTE
    ../fplib/dflt.s                          0x00000000   Number         0  dflt_clz.o ABSOLUTE
    ../fplib/dleqf.s                         0x00000000   Number         0  dleqf.o ABSOLUTE
    ../fplib/dmul.s                          0x00000000   Number         0  dmul.o ABSOLUTE
    ../fplib/dnaninf.s                       0x00000000   Number         0  dnaninf.o ABSOLUTE
    ../fplib/dretinf.s                       0x00000000   Number         0  dretinf.o ABSOLUTE
    ../fplib/drleqf.s                        0x00000000   Number         0  drleqf.o ABSOLUTE
    ../fplib/dsqrt.s                         0x00000000   Number         0  dsqrt_umaal.o ABSOLUTE
    ../fplib/f2d.s                           0x00000000   Number         0  f2d.o ABSOLUTE
    ../fplib/fnaninf.s                       0x00000000   Number         0  fnaninf.o ABSOLUTE
    ../fplib/fpinit.s                        0x00000000   Number         0  fpinit.o ABSOLUTE
    ../fplib/fretinf.s                       0x00000000   Number         0  fretinf.o ABSOLUTE
    ../fplib/istatus.s                       0x00000000   Number         0  istatus.o ABSOLUTE
    ../fplib/printf1.s                       0x00000000   Number         0  printf1.o ABSOLUTE
    ../fplib/retnan.s                        0x00000000   Number         0  retnan.o ABSOLUTE
    ../fplib/scalbn.s                        0x00000000   Number         0  scalbn.o ABSOLUTE
    ../fplib/trapv.s                         0x00000000   Number         0  trapv.o ABSOLUTE
    ../fplib/usenofp.s                       0x00000000   Number         0  usenofp.o ABSOLUTE
    ../mathlib/dunder.c                      0x00000000   Number         0  dunder.o ABSOLUTE
    ../mathlib/fabs.c                        0x00000000   Number         0  fabs.o ABSOLUTE
    ../mathlib/fpclassify.c                  0x00000000   Number         0  fpclassify.o ABSOLUTE
    ../mathlib/poly.c                        0x00000000   Number         0  poly.o ABSOLUTE
    ../mathlib/pow.c                         0x00000000   Number         0  pow_x.o ABSOLUTE
    ../mathlib/pow.c                         0x00000000   Number         0  pow.o ABSOLUTE
    ../mathlib/qnan.c                        0x00000000   Number         0  qnan.o ABSOLUTE
    ../mathlib/sqrt.c                        0x00000000   Number         0  sqrt.o ABSOLUTE
    ../mathlib/sqrt.c                        0x00000000   Number         0  sqrt_x.o ABSOLUTE
    ..\CORE\startup_stm32f40_41xxx.s         0x00000000   Number         0  startup_stm32f40_41xxx.o ABSOLUTE
    ..\FWLIB\src\misc.c                      0x00000000   Number         0  misc.o ABSOLUTE
    ..\FWLIB\src\stm32f4xx_fsmc.c            0x00000000   Number         0  stm32f4xx_fsmc.o ABSOLUTE
    ..\FWLIB\src\stm32f4xx_gpio.c            0x00000000   Number         0  stm32f4xx_gpio.o ABSOLUTE
    ..\FWLIB\src\stm32f4xx_rcc.c             0x00000000   Number         0  stm32f4xx_rcc.o ABSOLUTE
    ..\FWLIB\src\stm32f4xx_syscfg.c          0x00000000   Number         0  stm32f4xx_syscfg.o ABSOLUTE
    ..\FWLIB\src\stm32f4xx_usart.c           0x00000000   Number         0  stm32f4xx_usart.o ABSOLUTE
    ..\HARDWARE\24CXX\24cxx.c                0x00000000   Number         0  24cxx.o ABSOLUTE
    ..\HARDWARE\BME280\bme280.c              0x00000000   Number         0  bme280.o ABSOLUTE
    ..\HARDWARE\IIC\myiic.c                  0x00000000   Number         0  myiic.o ABSOLUTE
    ..\HARDWARE\LED\led.c                    0x00000000   Number         0  led.o ABSOLUTE
    ..\SYSTEM\delay\delay.c                  0x00000000   Number         0  delay.o ABSOLUTE
    ..\SYSTEM\sys\sys.c                      0x00000000   Number         0  sys.o ABSOLUTE
    ..\SYSTEM\usart\usart.c                  0x00000000   Number         0  usart.o ABSOLUTE
    ..\\FWLIB\\src\\misc.c                   0x00000000   Number         0  misc.o ABSOLUTE
    ..\\FWLIB\\src\\stm32f4xx_fsmc.c         0x00000000   Number         0  stm32f4xx_fsmc.o ABSOLUTE
    ..\\FWLIB\\src\\stm32f4xx_gpio.c         0x00000000   Number         0  stm32f4xx_gpio.o ABSOLUTE
    ..\\FWLIB\\src\\stm32f4xx_rcc.c          0x00000000   Number         0  stm32f4xx_rcc.o ABSOLUTE
    ..\\FWLIB\\src\\stm32f4xx_syscfg.c       0x00000000   Number         0  stm32f4xx_syscfg.o ABSOLUTE
    ..\\FWLIB\\src\\stm32f4xx_usart.c        0x00000000   Number         0  stm32f4xx_usart.o ABSOLUTE
    ..\\HARDWARE\\24CXX\\24cxx.c             0x00000000   Number         0  24cxx.o ABSOLUTE
    ..\\HARDWARE\\BME280\\bme280.c           0x00000000   Number         0  bme280.o ABSOLUTE
    ..\\HARDWARE\\IIC\\myiic.c               0x00000000   Number         0  myiic.o ABSOLUTE
    ..\\HARDWARE\\LED\\led.c                 0x00000000   Number         0  led.o ABSOLUTE
    ..\\SYSTEM\\delay\\delay.c               0x00000000   Number         0  delay.o ABSOLUTE
    ..\\SYSTEM\\sys\\sys.c                   0x00000000   Number         0  sys.o ABSOLUTE
    ..\\SYSTEM\\usart\\usart.c               0x00000000   Number         0  usart.o ABSOLUTE
    dc.s                                     0x00000000   Number         0  dc.o ABSOLUTE
    main.c                                   0x00000000   Number         0  main.o ABSOLUTE
    main.c                                   0x00000000   Number         0  main.o ABSOLUTE
    stm32f4xx_it.c                           0x00000000   Number         0  stm32f4xx_it.o ABSOLUTE
    stm32f4xx_it.c                           0x00000000   Number         0  stm32f4xx_it.o ABSOLUTE
    system_stm32f4xx.c                       0x00000000   Number         0  system_stm32f4xx.o ABSOLUTE
    system_stm32f4xx.c                       0x00000000   Number         0  system_stm32f4xx.o ABSOLUTE
    RESET                                    0x08000000   Section      392  startup_stm32f40_41xxx.o(RESET)
    !!!main                                  0x08000188   Section        8  __main.o(!!!main)
    !!!scatter                               0x08000190   Section       52  __scatter.o(!!!scatter)
    !!handler_copy                           0x080001c4   Section       26  __scatter_copy.o(!!handler_copy)
    !!handler_zi                             0x080001e0   Section       28  __scatter_zi.o(!!handler_zi)
    .ARM.Collect$$_printf_percent$$00000000  0x080001fc   Section        0  _printf_percent.o(.ARM.Collect$$_printf_percent$$00000000)
    .ARM.Collect$$_printf_percent$$00000003  0x080001fc   Section        6  _printf_f.o(.ARM.Collect$$_printf_percent$$00000003)
    .ARM.Collect$$_printf_percent$$00000017  0x08000202   Section        4  _printf_percent_end.o(.ARM.Collect$$_printf_percent$$00000017)
    .ARM.Collect$$libinit$$00000000          0x08000206   Section        2  libinit.o(.ARM.Collect$$libinit$$00000000)
    .ARM.Collect$$libinit$$00000001          0x08000208   Section        4  libinit2.o(.ARM.Collect$$libinit$$00000001)
    .ARM.Collect$$libinit$$00000004          0x0800020c   Section        0  libinit2.o(.ARM.Collect$$libinit$$00000004)
    .ARM.Collect$$libinit$$0000000A          0x0800020c   Section        0  libinit2.o(.ARM.Collect$$libinit$$0000000A)
    .ARM.Collect$$libinit$$0000000C          0x0800020c   Section        0  libinit2.o(.ARM.Collect$$libinit$$0000000C)
    .ARM.Collect$$libinit$$0000000E          0x0800020c   Section        0  libinit2.o(.ARM.Collect$$libinit$$0000000E)
    .ARM.Collect$$libinit$$0000000F          0x0800020c   Section        6  libinit2.o(.ARM.Collect$$libinit$$0000000F)
    .ARM.Collect$$libinit$$00000011          0x08000212   Section        0  libinit2.o(.ARM.Collect$$libinit$$00000011)
    .ARM.Collect$$libinit$$00000013          0x08000212   Section        0  libinit2.o(.ARM.Collect$$libinit$$00000013)
    .ARM.Collect$$libinit$$00000015          0x08000212   Section        0  libinit2.o(.ARM.Collect$$libinit$$00000015)
    .ARM.Collect$$libinit$$00000016          0x08000212   Section       10  libinit2.o(.ARM.Collect$$libinit$$00000016)
    .ARM.Collect$$libinit$$00000017          0x0800021c   Section        0  libinit2.o(.ARM.Collect$$libinit$$00000017)
    .ARM.Collect$$libinit$$00000019          0x0800021c   Section        0  libinit2.o(.ARM.Collect$$libinit$$00000019)
    .ARM.Collect$$libinit$$0000001B          0x0800021c   Section        0  libinit2.o(.ARM.Collect$$libinit$$0000001B)
    .ARM.Collect$$libinit$$0000001D          0x0800021c   Section        0  libinit2.o(.ARM.Collect$$libinit$$0000001D)
    .ARM.Collect$$libinit$$0000001F          0x0800021c   Section        0  libinit2.o(.ARM.Collect$$libinit$$0000001F)
    .ARM.Collect$$libinit$$00000021          0x0800021c   Section        0  libinit2.o(.ARM.Collect$$libinit$$00000021)
    .ARM.Collect$$libinit$$00000023          0x0800021c   Section        0  libinit2.o(.ARM.Collect$$libinit$$00000023)
    .ARM.Collect$$libinit$$00000025          0x0800021c   Section        0  libinit2.o(.ARM.Collect$$libinit$$00000025)
    .ARM.Collect$$libinit$$0000002C          0x0800021c   Section        0  libinit2.o(.ARM.Collect$$libinit$$0000002C)
    .ARM.Collect$$libinit$$0000002E          0x0800021c   Section        0  libinit2.o(.ARM.Collect$$libinit$$0000002E)
    .ARM.Collect$$libinit$$00000030          0x0800021c   Section        0  libinit2.o(.ARM.Collect$$libinit$$00000030)
    .ARM.Collect$$libinit$$00000032          0x0800021c   Section        0  libinit2.o(.ARM.Collect$$libinit$$00000032)
    .ARM.Collect$$libinit$$00000033          0x0800021c   Section        2  libinit2.o(.ARM.Collect$$libinit$$00000033)
    .ARM.Collect$$libshutdown$$00000000      0x0800021e   Section        2  libshutdown.o(.ARM.Collect$$libshutdown$$00000000)
    .ARM.Collect$$libshutdown$$00000002      0x08000220   Section        0  libshutdown2.o(.ARM.Collect$$libshutdown$$00000002)
    .ARM.Collect$$libshutdown$$00000004      0x08000220   Section        0  libshutdown2.o(.ARM.Collect$$libshutdown$$00000004)
    .ARM.Collect$$libshutdown$$00000007      0x08000220   Section        0  libshutdown2.o(.ARM.Collect$$libshutdown$$00000007)
    .ARM.Collect$$libshutdown$$0000000A      0x08000220   Section        0  libshutdown2.o(.ARM.Collect$$libshutdown$$0000000A)
    .ARM.Collect$$libshutdown$$0000000C      0x08000220   Section        0  libshutdown2.o(.ARM.Collect$$libshutdown$$0000000C)
    .ARM.Collect$$libshutdown$$0000000F      0x08000220   Section        0  libshutdown2.o(.ARM.Collect$$libshutdown$$0000000F)
    .ARM.Collect$$libshutdown$$00000010      0x08000220   Section        2  libshutdown2.o(.ARM.Collect$$libshutdown$$00000010)
    .ARM.Collect$$rtentry$$00000000          0x08000222   Section        0  __rtentry.o(.ARM.Collect$$rtentry$$00000000)
    .ARM.Collect$$rtentry$$00000002          0x08000222   Section        0  __rtentry2.o(.ARM.Collect$$rtentry$$00000002)
    .ARM.Collect$$rtentry$$00000004          0x08000222   Section        6  __rtentry4.o(.ARM.Collect$$rtentry$$00000004)
    .ARM.Collect$$rtentry$$00000009          0x08000228   Section        0  __rtentry2.o(.ARM.Collect$$rtentry$$00000009)
    .ARM.Collect$$rtentry$$0000000A          0x08000228   Section        4  __rtentry2.o(.ARM.Collect$$rtentry$$0000000A)
    .ARM.Collect$$rtentry$$0000000C          0x0800022c   Section        0  __rtentry2.o(.ARM.Collect$$rtentry$$0000000C)
    .ARM.Collect$$rtentry$$0000000D          0x0800022c   Section        8  __rtentry2.o(.ARM.Collect$$rtentry$$0000000D)
    .ARM.Collect$$rtexit$$00000000           0x08000234   Section        2  rtexit.o(.ARM.Collect$$rtexit$$00000000)
    .ARM.Collect$$rtexit$$00000002           0x08000236   Section        0  rtexit2.o(.ARM.Collect$$rtexit$$00000002)
    .ARM.Collect$$rtexit$$00000003           0x08000236   Section        4  rtexit2.o(.ARM.Collect$$rtexit$$00000003)
    .ARM.Collect$$rtexit$$00000004           0x0800023a   Section        6  rtexit2.o(.ARM.Collect$$rtexit$$00000004)
    .text                                    0x08000240   Section        0  main.o(.text)
    .text                                    0x080002bc   Section        0  stm32f4xx_it.o(.text)
    .text                                    0x080002d8   Section        0  system_stm32f4xx.o(.text)
    SetSysClock                              0x080002d9   Thumb Code   220  system_stm32f4xx.o(.text)
    .text                                    0x080004e8   Section        0  led.o(.text)
    .text                                    0x08000528   Section        0  myiic.o(.text)
    .text                                    0x08000b24   Section        0  bme280.o(.text)
    bme280PressureToAltitude                 0x08000ecd   Thumb Code   276  bme280.o(.text)
    .text                                    0x080010dc   Section        0  delay.o(.text)
    .text                                    0x080011e0   Section        0  usart.o(.text)
    .text                                    0x0800132c   Section       64  startup_stm32f40_41xxx.o(.text)
    $v0                                      0x0800132c   Number         0  startup_stm32f40_41xxx.o(.text)
    .text                                    0x0800136c   Section        0  misc.o(.text)
    .text                                    0x0800144c   Section        0  stm32f4xx_gpio.o(.text)
    .text                                    0x080016e0   Section        0  stm32f4xx_rcc.o(.text)
    .text                                    0x08001d3c   Section        0  stm32f4xx_usart.o(.text)
    .text                                    0x08002190   Section        2  use_no_semi_2.o(.text)
    .text                                    0x08002194   Section        0  noretval__2printf.o(.text)
    .text                                    0x080021ac   Section        0  __printf.o(.text)
    .text                                    0x08002214   Section        0  heapauxi.o(.text)
    .text                                    0x0800221a   Section        2  use_no_semi.o(.text)
    .text                                    0x0800221c   Section        0  _rserrno.o(.text)
    .text                                    0x08002232   Section        0  _printf_fp_dec.o(.text)
    _fp_digits                               0x08002235   Thumb Code   428  _printf_fp_dec.o(.text)
    .text                                    0x0800264c   Section        0  _printf_char_file.o(.text)
    .text                                    0x08002670   Section        8  rt_locale_intlibspace.o(.text)
    .text                                    0x08002678   Section        8  rt_errno_addr_intlibspace.o(.text)
    .text                                    0x08002680   Section      138  lludiv10.o(.text)
    .text                                    0x0800270c   Section        0  _printf_char_common.o(.text)
    _printf_input_char                       0x0800270d   Thumb Code    10  _printf_char_common.o(.text)
    .text                                    0x0800273c   Section        0  _printf_fp_infnan.o(.text)
    .text                                    0x080027bc   Section        0  bigflt0.o(.text)
    .text                                    0x08002898   Section        0  ferror.o(.text)
    .text                                    0x080028a0   Section        8  libspace.o(.text)
    .text                                    0x080028a8   Section       74  sys_stackheap_outer.o(.text)
    .text                                    0x080028f2   Section        0  exit.o(.text)
    .text                                    0x08002904   Section      128  strcmpv7m.o(.text)
    CL$$btod_d2e                             0x08002984   Section       62  btod.o(CL$$btod_d2e)
    CL$$btod_d2e_denorm_low                  0x080029c2   Section       70  btod.o(CL$$btod_d2e_denorm_low)
    CL$$btod_d2e_norm_op1                    0x08002a08   Section       96  btod.o(CL$$btod_d2e_norm_op1)
    CL$$btod_div_common                      0x08002a68   Section      824  btod.o(CL$$btod_div_common)
    CL$$btod_e2e                             0x08002da0   Section      198  btod.o(CL$$btod_e2e)
    CL$$btod_ediv                            0x08002e66   Section       40  btod.o(CL$$btod_ediv)
    CL$$btod_emul                            0x08002e8e   Section       40  btod.o(CL$$btod_emul)
    CL$$btod_mult_common                     0x08002eb6   Section      580  btod.o(CL$$btod_mult_common)
    i.__ARM_fpclassify                       0x080030fa   Section        0  fpclassify.o(i.__ARM_fpclassify)
    i.__hardfp_pow                           0x08003130   Section        0  pow.o(i.__hardfp_pow)
    i.__kernel_poly                          0x08003d80   Section        0  poly.o(i.__kernel_poly)
    i.__mathlib_dbl_divzero                  0x08003e78   Section        0  dunder.o(i.__mathlib_dbl_divzero)
    i.__mathlib_dbl_infnan2                  0x08003ea8   Section        0  dunder.o(i.__mathlib_dbl_infnan2)
    i.__mathlib_dbl_invalid                  0x08003ec0   Section        0  dunder.o(i.__mathlib_dbl_invalid)
    i.__mathlib_dbl_overflow                 0x08003ee0   Section        0  dunder.o(i.__mathlib_dbl_overflow)
    i.__mathlib_dbl_underflow                0x08003f00   Section        0  dunder.o(i.__mathlib_dbl_underflow)
    i.fabs                                   0x08003f20   Section        0  fabs.o(i.fabs)
    i.sqrt                                   0x08003f38   Section        0  sqrt.o(i.sqrt)
    locale$$code                             0x08003fa8   Section       44  lc_numeric_c.o(locale$$code)
    x$fpl$basic                              0x08003fd4   Section       24  basic.o(x$fpl$basic)
    $v0                                      0x08003fd4   Number         0  basic.o(x$fpl$basic)
    x$fpl$d2f                                0x08003fec   Section       98  d2f.o(x$fpl$d2f)
    $v0                                      0x08003fec   Number         0  d2f.o(x$fpl$d2f)
    x$fpl$dadd                               0x08004050   Section      336  daddsub_clz.o(x$fpl$dadd)
    $v0                                      0x08004050   Number         0  daddsub_clz.o(x$fpl$dadd)
    _dadd1                                   0x08004061   Thumb Code     0  daddsub_clz.o(x$fpl$dadd)
    x$fpl$dcheck1                            0x080041a0   Section       16  dcheck1.o(x$fpl$dcheck1)
    $v0                                      0x080041a0   Number         0  dcheck1.o(x$fpl$dcheck1)
    x$fpl$dcmpinf                            0x080041b0   Section       24  dcmpi.o(x$fpl$dcmpinf)
    $v0                                      0x080041b0   Number         0  dcmpi.o(x$fpl$dcmpinf)
    x$fpl$ddiv                               0x080041c8   Section      688  ddiv.o(x$fpl$ddiv)
    $v0                                      0x080041c8   Number         0  ddiv.o(x$fpl$ddiv)
    ddiv_entry                               0x080041cf   Thumb Code     0  ddiv.o(x$fpl$ddiv)
    x$fpl$dflt                               0x08004478   Section       46  dflt_clz.o(x$fpl$dflt)
    $v0                                      0x08004478   Number         0  dflt_clz.o(x$fpl$dflt)
    x$fpl$dfltu                              0x080044a6   Section       38  dflt_clz.o(x$fpl$dfltu)
    $v0                                      0x080044a6   Number         0  dflt_clz.o(x$fpl$dfltu)
    x$fpl$dleqf                              0x080044cc   Section      120  dleqf.o(x$fpl$dleqf)
    $v0                                      0x080044cc   Number         0  dleqf.o(x$fpl$dleqf)
    x$fpl$dmul                               0x08004544   Section      340  dmul.o(x$fpl$dmul)
    $v0                                      0x08004544   Number         0  dmul.o(x$fpl$dmul)
    x$fpl$dnaninf                            0x08004698   Section      156  dnaninf.o(x$fpl$dnaninf)
    $v0                                      0x08004698   Number         0  dnaninf.o(x$fpl$dnaninf)
    x$fpl$dretinf                            0x08004734   Section       12  dretinf.o(x$fpl$dretinf)
    $v0                                      0x08004734   Number         0  dretinf.o(x$fpl$dretinf)
    x$fpl$drleqf                             0x08004740   Section      108  drleqf.o(x$fpl$drleqf)
    $v0                                      0x08004740   Number         0  drleqf.o(x$fpl$drleqf)
    x$fpl$drsb                               0x080047ac   Section       22  daddsub_clz.o(x$fpl$drsb)
    $v0                                      0x080047ac   Number         0  daddsub_clz.o(x$fpl$drsb)
    x$fpl$dsqrt                              0x080047c4   Section      408  dsqrt_umaal.o(x$fpl$dsqrt)
    $v0                                      0x080047c4   Number         0  dsqrt_umaal.o(x$fpl$dsqrt)
    x$fpl$dsub                               0x0800495c   Section      468  daddsub_clz.o(x$fpl$dsub)
    $v0                                      0x0800495c   Number         0  daddsub_clz.o(x$fpl$dsub)
    _dsub1                                   0x0800496d   Thumb Code     0  daddsub_clz.o(x$fpl$dsub)
    x$fpl$f2d                                0x08004b30   Section       86  f2d.o(x$fpl$f2d)
    $v0                                      0x08004b30   Number         0  f2d.o(x$fpl$f2d)
    x$fpl$fnaninf                            0x08004b86   Section      140  fnaninf.o(x$fpl$fnaninf)
    $v0                                      0x08004b86   Number         0  fnaninf.o(x$fpl$fnaninf)
    x$fpl$fpinit                             0x08004c12   Section       10  fpinit.o(x$fpl$fpinit)
    $v0                                      0x08004c12   Number         0  fpinit.o(x$fpl$fpinit)
    x$fpl$fretinf                            0x08004c1c   Section       10  fretinf.o(x$fpl$fretinf)
    $v0                                      0x08004c1c   Number         0  fretinf.o(x$fpl$fretinf)
    x$fpl$printf1                            0x08004c26   Section        4  printf1.o(x$fpl$printf1)
    $v0                                      0x08004c26   Number         0  printf1.o(x$fpl$printf1)
    x$fpl$retnan                             0x08004c2a   Section      100  retnan.o(x$fpl$retnan)
    $v0                                      0x08004c2a   Number         0  retnan.o(x$fpl$retnan)
    x$fpl$scalbn                             0x08004c8e   Section       92  scalbn.o(x$fpl$scalbn)
    $v0                                      0x08004c8e   Number         0  scalbn.o(x$fpl$scalbn)
    x$fpl$trapveneer                         0x08004cea   Section       48  trapv.o(x$fpl$trapveneer)
    $v0                                      0x08004cea   Number         0  trapv.o(x$fpl$trapveneer)
    x$fpl$usenofp                            0x08004d1a   Section        0  usenofp.o(x$fpl$usenofp)
    .constdata                               0x08004d20   Section      136  pow.o(.constdata)
    bp                                       0x08004d20   Data          16  pow.o(.constdata)
    dp_h                                     0x08004d30   Data          16  pow.o(.constdata)
    dp_l                                     0x08004d40   Data          16  pow.o(.constdata)
    L                                        0x08004d50   Data          48  pow.o(.constdata)
    P                                        0x08004d80   Data          40  pow.o(.constdata)
    .constdata                               0x08004da8   Section        8  qnan.o(.constdata)
    .constdata                               0x08004db0   Section      148  bigflt0.o(.constdata)
    tenpwrs_x                                0x08004db0   Data          60  bigflt0.o(.constdata)
    tenpwrs_i                                0x08004dec   Data          64  bigflt0.o(.constdata)
    locale$$data                             0x08004e64   Section       28  lc_numeric_c.o(locale$$data)
    __lcnum_c_name                           0x08004e68   Data           2  lc_numeric_c.o(locale$$data)
    __lcnum_c_start                          0x08004e70   Data           0  lc_numeric_c.o(locale$$data)
    __lcnum_c_point                          0x08004e7c   Data           0  lc_numeric_c.o(locale$$data)
    __lcnum_c_thousands                      0x08004e7e   Data           0  lc_numeric_c.o(locale$$data)
    __lcnum_c_grouping                       0x08004e7f   Data           0  lc_numeric_c.o(locale$$data)
    __lcnum_c_end                            0x08004e80   Data           0  lc_numeric_c.o(locale$$data)
    .data                                    0x20000000   Section       20  system_stm32f4xx.o(.data)
    .data                                    0x20000014   Section       51  bme280.o(.data)
    .data                                    0x20000048   Section        4  delay.o(.data)
    fac_us                                   0x20000048   Data           1  delay.o(.data)
    fac_ms                                   0x2000004a   Data           2  delay.o(.data)
    .data                                    0x2000004c   Section        6  usart.o(.data)
    .data                                    0x20000052   Section       16  stm32f4xx_rcc.o(.data)
    APBAHBPrescTable                         0x20000052   Data          16  stm32f4xx_rcc.o(.data)
    .bss                                     0x20000064   Section      200  usart.o(.bss)
    .bss                                     0x2000012c   Section       96  libspace.o(.bss)
    HEAP                                     0x20000190   Section      512  startup_stm32f40_41xxx.o(HEAP)
    Heap_Mem                                 0x20000190   Data         512  startup_stm32f40_41xxx.o(HEAP)
    STACK                                    0x20000390   Section     1024  startup_stm32f40_41xxx.o(STACK)
    Stack_Mem                                0x20000390   Data        1024  startup_stm32f40_41xxx.o(STACK)
    __initial_sp                             0x20000790   Data           0  startup_stm32f40_41xxx.o(STACK)

    Global Symbols

    Symbol Name                              Value     Ov Type        Size  Object(Section)

    BuildAttributes$$THM_ISAv4$E$P$D$K$B$S$7EM$VFPi3$EXTD16$VFPS$VFMA$PE$A:L22UL41UL21$X:L11$S22US41US21$IEEE1$IW$USESV6$~STKCKD$USESV7$~SHL$OTIME$ROPI$IEEEX$EBA8$UX$STANDARDLIB$REQ8$PRES8$EABIv2 0x00000000   Number         0  anon$$obj.o ABSOLUTE
    __ARM_use_no_argv                        0x00000000   Number         0  main.o ABSOLUTE
    __ARM_exceptions_init                     - Undefined Weak Reference
    __alloca_initialize                       - Undefined Weak Reference
    __arm_preinit_                            - Undefined Weak Reference
    __cpp_initialize__aeabi_                  - Undefined Weak Reference
    __cxa_finalize                            - Undefined Weak Reference
    __sigvec_lookup                           - Undefined Weak Reference
    _atexit_init                              - Undefined Weak Reference
    _call_atexit_fns                          - Undefined Weak Reference
    _clock_init                               - Undefined Weak Reference
    _fp_trap_init                             - Undefined Weak Reference
    _fp_trap_shutdown                         - Undefined Weak Reference
    _get_lc_collate                           - Undefined Weak Reference
    _get_lc_ctype                             - Undefined Weak Reference
    _get_lc_monetary                          - Undefined Weak Reference
    _get_lc_time                              - Undefined Weak Reference
    _getenv_init                              - Undefined Weak Reference
    _handle_redirection                       - Undefined Weak Reference
    _init_alloc                               - Undefined Weak Reference
    _init_user_alloc                          - Undefined Weak Reference
    _initio                                   - Undefined Weak Reference
    _mutex_acquire                            - Undefined Weak Reference
    _mutex_release                            - Undefined Weak Reference
    _printf_post_padding                      - Undefined Weak Reference
    _printf_pre_padding                       - Undefined Weak Reference
    _rand_init                                - Undefined Weak Reference
    _signal_finish                            - Undefined Weak Reference
    _signal_init                              - Undefined Weak Reference
    _terminate_alloc                          - Undefined Weak Reference
    _terminate_user_alloc                     - Undefined Weak Reference
    _terminateio                              - Undefined Weak Reference
    __Vectors_Size                           0x00000188   Number         0  startup_stm32f40_41xxx.o ABSOLUTE
    __Vectors                                0x08000000   Data           4  startup_stm32f40_41xxx.o(RESET)
    __Vectors_End                            0x08000188   Data           0  startup_stm32f40_41xxx.o(RESET)
    __main                                   0x08000189   Thumb Code     8  __main.o(!!!main)
    __scatterload                            0x08000191   Thumb Code     0  __scatter.o(!!!scatter)
    __scatterload_rt2                        0x08000191   Thumb Code    44  __scatter.o(!!!scatter)
    __scatterload_rt2_thumb_only             0x08000191   Thumb Code     0  __scatter.o(!!!scatter)
    __scatterload_null                       0x0800019f   Thumb Code     0  __scatter.o(!!!scatter)
    __scatterload_copy                       0x080001c5   Thumb Code    26  __scatter_copy.o(!!handler_copy)
    __scatterload_zeroinit                   0x080001e1   Thumb Code    28  __scatter_zi.o(!!handler_zi)
    _printf_f                                0x080001fd   Thumb Code     0  _printf_f.o(.ARM.Collect$$_printf_percent$$00000003)
    _printf_percent                          0x080001fd   Thumb Code     0  _printf_percent.o(.ARM.Collect$$_printf_percent$$00000000)
    _printf_percent_end                      0x08000203   Thumb Code     0  _printf_percent_end.o(.ARM.Collect$$_printf_percent$$00000017)
    __rt_lib_init                            0x08000207   Thumb Code     0  libinit.o(.ARM.Collect$$libinit$$00000000)
    __rt_lib_init_fp_1                       0x08000209   Thumb Code     0  libinit2.o(.ARM.Collect$$libinit$$00000001)
    __rt_lib_init_heap_1                     0x0800020d   Thumb Code     0  libinit2.o(.ARM.Collect$$libinit$$0000000A)
    __rt_lib_init_lc_common                  0x0800020d   Thumb Code     0  libinit2.o(.ARM.Collect$$libinit$$0000000F)
    __rt_lib_init_preinit_1                  0x0800020d   Thumb Code     0  libinit2.o(.ARM.Collect$$libinit$$00000004)
    __rt_lib_init_rand_1                     0x0800020d   Thumb Code     0  libinit2.o(.ARM.Collect$$libinit$$0000000E)
    __rt_lib_init_user_alloc_1               0x0800020d   Thumb Code     0  libinit2.o(.ARM.Collect$$libinit$$0000000C)
    __rt_lib_init_lc_collate_1               0x08000213   Thumb Code     0  libinit2.o(.ARM.Collect$$libinit$$00000011)
    __rt_lib_init_lc_ctype_1                 0x08000213   Thumb Code     0  libinit2.o(.ARM.Collect$$libinit$$00000013)
    __rt_lib_init_lc_monetary_1              0x08000213   Thumb Code     0  libinit2.o(.ARM.Collect$$libinit$$00000015)
    __rt_lib_init_lc_numeric_2               0x08000213   Thumb Code     0  libinit2.o(.ARM.Collect$$libinit$$00000016)
    __rt_lib_init_alloca_1                   0x0800021d   Thumb Code     0  libinit2.o(.ARM.Collect$$libinit$$0000002E)
    __rt_lib_init_argv_1                     0x0800021d   Thumb Code     0  libinit2.o(.ARM.Collect$$libinit$$0000002C)
    __rt_lib_init_atexit_1                   0x0800021d   Thumb Code     0  libinit2.o(.ARM.Collect$$libinit$$0000001B)
    __rt_lib_init_clock_1                    0x0800021d   Thumb Code     0  libinit2.o(.ARM.Collect$$libinit$$00000021)
    __rt_lib_init_cpp_1                      0x0800021d   Thumb Code     0  libinit2.o(.ARM.Collect$$libinit$$00000032)
    __rt_lib_init_exceptions_1               0x0800021d   Thumb Code     0  libinit2.o(.ARM.Collect$$libinit$$00000030)
    __rt_lib_init_fp_trap_1                  0x0800021d   Thumb Code     0  libinit2.o(.ARM.Collect$$libinit$$0000001F)
    __rt_lib_init_getenv_1                   0x0800021d   Thumb Code     0  libinit2.o(.ARM.Collect$$libinit$$00000023)
    __rt_lib_init_lc_numeric_1               0x0800021d   Thumb Code     0  libinit2.o(.ARM.Collect$$libinit$$00000017)
    __rt_lib_init_lc_time_1                  0x0800021d   Thumb Code     0  libinit2.o(.ARM.Collect$$libinit$$00000019)
    __rt_lib_init_return                     0x0800021d   Thumb Code     0  libinit2.o(.ARM.Collect$$libinit$$00000033)
    __rt_lib_init_signal_1                   0x0800021d   Thumb Code     0  libinit2.o(.ARM.Collect$$libinit$$0000001D)
    __rt_lib_init_stdio_1                    0x0800021d   Thumb Code     0  libinit2.o(.ARM.Collect$$libinit$$00000025)
    __rt_lib_shutdown                        0x0800021f   Thumb Code     0  libshutdown.o(.ARM.Collect$$libshutdown$$00000000)
    __rt_lib_shutdown_cpp_1                  0x08000221   Thumb Code     0  libshutdown2.o(.ARM.Collect$$libshutdown$$00000002)
    __rt_lib_shutdown_fp_trap_1              0x08000221   Thumb Code     0  libshutdown2.o(.ARM.Collect$$libshutdown$$00000007)
    __rt_lib_shutdown_heap_1                 0x08000221   Thumb Code     0  libshutdown2.o(.ARM.Collect$$libshutdown$$0000000F)
    __rt_lib_shutdown_return                 0x08000221   Thumb Code     0  libshutdown2.o(.ARM.Collect$$libshutdown$$00000010)
    __rt_lib_shutdown_signal_1               0x08000221   Thumb Code     0  libshutdown2.o(.ARM.Collect$$libshutdown$$0000000A)
    __rt_lib_shutdown_stdio_1                0x08000221   Thumb Code     0  libshutdown2.o(.ARM.Collect$$libshutdown$$00000004)
    __rt_lib_shutdown_user_alloc_1           0x08000221   Thumb Code     0  libshutdown2.o(.ARM.Collect$$libshutdown$$0000000C)
    __rt_entry                               0x08000223   Thumb Code     0  __rtentry.o(.ARM.Collect$$rtentry$$00000000)
    __rt_entry_presh_1                       0x08000223   Thumb Code     0  __rtentry2.o(.ARM.Collect$$rtentry$$00000002)
    __rt_entry_sh                            0x08000223   Thumb Code     0  __rtentry4.o(.ARM.Collect$$rtentry$$00000004)
    __rt_entry_li                            0x08000229   Thumb Code     0  __rtentry2.o(.ARM.Collect$$rtentry$$0000000A)
    __rt_entry_postsh_1                      0x08000229   Thumb Code     0  __rtentry2.o(.ARM.Collect$$rtentry$$00000009)
    __rt_entry_main                          0x0800022d   Thumb Code     0  __rtentry2.o(.ARM.Collect$$rtentry$$0000000D)
    __rt_entry_postli_1                      0x0800022d   Thumb Code     0  __rtentry2.o(.ARM.Collect$$rtentry$$0000000C)
    __rt_exit                                0x08000235   Thumb Code     0  rtexit.o(.ARM.Collect$$rtexit$$00000000)
    __rt_exit_ls                             0x08000237   Thumb Code     0  rtexit2.o(.ARM.Collect$$rtexit$$00000003)
    __rt_exit_prels_1                        0x08000237   Thumb Code     0  rtexit2.o(.ARM.Collect$$rtexit$$00000002)
    __rt_exit_exit                           0x0800023b   Thumb Code     0  rtexit2.o(.ARM.Collect$$rtexit$$00000004)
    main                                     0x08000241   Thumb Code   112  main.o(.text)
    NMI_Handler                              0x080002bd   Thumb Code     2  stm32f4xx_it.o(.text)
    HardFault_Handler                        0x080002bf   Thumb Code     4  stm32f4xx_it.o(.text)
    MemManage_Handler                        0x080002c3   Thumb Code     4  stm32f4xx_it.o(.text)
    BusFault_Handler                         0x080002c7   Thumb Code     4  stm32f4xx_it.o(.text)
    UsageFault_Handler                       0x080002cb   Thumb Code     4  stm32f4xx_it.o(.text)
    SVC_Handler                              0x080002cf   Thumb Code     2  stm32f4xx_it.o(.text)
    DebugMon_Handler                         0x080002d1   Thumb Code     2  stm32f4xx_it.o(.text)
    PendSV_Handler                           0x080002d3   Thumb Code     2  stm32f4xx_it.o(.text)
    SysTick_Handler                          0x080002d5   Thumb Code     2  stm32f4xx_it.o(.text)
    SystemInit                               0x080003b5   Thumb Code    88  system_stm32f4xx.o(.text)
    SystemCoreClockUpdate                    0x0800040d   Thumb Code   174  system_stm32f4xx.o(.text)
    LED_Init                                 0x080004e9   Thumb Code    60  led.o(.text)
    IIC_Init                                 0x08000529   Thumb Code    50  myiic.o(.text)
    IIC_Start                                0x0800055b   Thumb Code    68  myiic.o(.text)
    IIC_Stop                                 0x0800059f   Thumb Code    62  myiic.o(.text)
    IIC_Wait_Ack                             0x080005dd   Thumb Code    82  myiic.o(.text)
    IIC_Ack                                  0x0800062f   Thumb Code    66  myiic.o(.text)
    IIC_NAck                                 0x08000671   Thumb Code    66  myiic.o(.text)
    IIC_Send_Byte                            0x080006b3   Thumb Code    90  myiic.o(.text)
    IIC_Read_Byte                            0x0800070d   Thumb Code    94  myiic.o(.text)
    iicDevReadByte                           0x0800076b   Thumb Code    64  myiic.o(.text)
    iicDevRead                               0x080007ab   Thumb Code    96  myiic.o(.text)
    iicDevReadCal1                           0x0800080b   Thumb Code   196  myiic.o(.text)
    iicDevReadCal                            0x080008cf   Thumb Code   484  myiic.o(.text)
    iicDevWriteByte                          0x08000ab3   Thumb Code    48  myiic.o(.text)
    iicDevWrite                              0x08000ae3   Thumb Code    66  myiic.o(.text)
    readTrim                                 0x08000b25   Thumb Code   344  bme280.o(.text)
    writeReg                                 0x08000c7d   Thumb Code    18  bme280.o(.text)
    setup                                    0x08000c8f   Thumb Code    82  bme280.o(.text)
    readData                                 0x08000ce1   Thumb Code    84  bme280.o(.text)
    calibration_T                            0x08000d35   Thumb Code    66  bme280.o(.text)
    calibration_P                            0x08000d77   Thumb Code   184  bme280.o(.text)
    calibration_H                            0x08000e2f   Thumb Code   140  bme280.o(.text)
    bme280Init                               0x08000ebb   Thumb Code    18  bme280.o(.text)
    bme280GetData                            0x08000fe1   Thumb Code   212  bme280.o(.text)
    delay_init                               0x080010dd   Thumb Code    52  delay.o(.text)
    delay_us                                 0x08001111   Thumb Code    72  delay.o(.text)
    delay_xms                                0x08001159   Thumb Code    72  delay.o(.text)
    delay_ms                                 0x080011a1   Thumb Code    56  delay.o(.text)
    _sys_exit                                0x080011e1   Thumb Code     6  usart.o(.text)
    fputc                                    0x080011e7   Thumb Code    22  usart.o(.text)
    uart_init                                0x080011fd   Thumb Code   164  usart.o(.text)
    USART1_IRQHandler                        0x080012a1   Thumb Code   122  usart.o(.text)
    Reset_Handler                            0x0800132d   Thumb Code     8  startup_stm32f40_41xxx.o(.text)
    ADC_IRQHandler                           0x08001347   Thumb Code     0  startup_stm32f40_41xxx.o(.text)
    CAN1_RX0_IRQHandler                      0x08001347   Thumb Code     0  startup_stm32f40_41xxx.o(.text)
    CAN1_RX1_IRQHandler                      0x08001347   Thumb Code     0  startup_stm32f40_41xxx.o(.text)
    CAN1_SCE_IRQHandler                      0x08001347   Thumb Code     0  startup_stm32f40_41xxx.o(.text)
    CAN1_TX_IRQHandler                       0x08001347   Thumb Code     0  startup_stm32f40_41xxx.o(.text)
    CAN2_RX0_IRQHandler                      0x08001347   Thumb Code     0  startup_stm32f40_41xxx.o(.text)
    CAN2_RX1_IRQHandler                      0x08001347   Thumb Code     0  startup_stm32f40_41xxx.o(.text)
    CAN2_SCE_IRQHandler                      0x08001347   Thumb Code     0  startup_stm32f40_41xxx.o(.text)
    CAN2_TX_IRQHandler                       0x08001347   Thumb Code     0  startup_stm32f40_41xxx.o(.text)
    CRYP_IRQHandler                          0x08001347   Thumb Code     0  startup_stm32f40_41xxx.o(.text)
    DCMI_IRQHandler                          0x08001347   Thumb Code     0  startup_stm32f40_41xxx.o(.text)
    DMA1_Stream0_IRQHandler                  0x08001347   Thumb Code     0  startup_stm32f40_41xxx.o(.text)
    DMA1_Stream1_IRQHandler                  0x08001347   Thumb Code     0  startup_stm32f40_41xxx.o(.text)
    DMA1_Stream2_IRQHandler                  0x08001347   Thumb Code     0  startup_stm32f40_41xxx.o(.text)
    DMA1_Stream3_IRQHandler                  0x08001347   Thumb Code     0  startup_stm32f40_41xxx.o(.text)
    DMA1_Stream4_IRQHandler                  0x08001347   Thumb Code     0  startup_stm32f40_41xxx.o(.text)
    DMA1_Stream5_IRQHandler                  0x08001347   Thumb Code     0  startup_stm32f40_41xxx.o(.text)
    DMA1_Stream6_IRQHandler                  0x08001347   Thumb Code     0  startup_stm32f40_41xxx.o(.text)
    DMA1_Stream7_IRQHandler                  0x08001347   Thumb Code     0  startup_stm32f40_41xxx.o(.text)
    DMA2_Stream0_IRQHandler                  0x08001347   Thumb Code     0  startup_stm32f40_41xxx.o(.text)
    DMA2_Stream1_IRQHandler                  0x08001347   Thumb Code     0  startup_stm32f40_41xxx.o(.text)
    DMA2_Stream2_IRQHandler                  0x08001347   Thumb Code     0  startup_stm32f40_41xxx.o(.text)
    DMA2_Stream3_IRQHandler                  0x08001347   Thumb Code     0  startup_stm32f40_41xxx.o(.text)
    DMA2_Stream4_IRQHandler                  0x08001347   Thumb Code     0  startup_stm32f40_41xxx.o(.text)
    DMA2_Stream5_IRQHandler                  0x08001347   Thumb Code     0  startup_stm32f40_41xxx.o(.text)
    DMA2_Stream6_IRQHandler                  0x08001347   Thumb Code     0  startup_stm32f40_41xxx.o(.text)
    DMA2_Stream7_IRQHandler                  0x08001347   Thumb Code     0  startup_stm32f40_41xxx.o(.text)
    ETH_IRQHandler                           0x08001347   Thumb Code     0  startup_stm32f40_41xxx.o(.text)
    ETH_WKUP_IRQHandler                      0x08001347   Thumb Code     0  startup_stm32f40_41xxx.o(.text)
    EXTI0_IRQHandler                         0x08001347   Thumb Code     0  startup_stm32f40_41xxx.o(.text)
    EXTI15_10_IRQHandler                     0x08001347   Thumb Code     0  startup_stm32f40_41xxx.o(.text)
    EXTI1_IRQHandler                         0x08001347   Thumb Code     0  startup_stm32f40_41xxx.o(.text)
    EXTI2_IRQHandler                         0x08001347   Thumb Code     0  startup_stm32f40_41xxx.o(.text)
    EXTI3_IRQHandler                         0x08001347   Thumb Code     0  startup_stm32f40_41xxx.o(.text)
    EXTI4_IRQHandler                         0x08001347   Thumb Code     0  startup_stm32f40_41xxx.o(.text)
    EXTI9_5_IRQHandler                       0x08001347   Thumb Code     0  startup_stm32f40_41xxx.o(.text)
    FLASH_IRQHandler                         0x08001347   Thumb Code     0  startup_stm32f40_41xxx.o(.text)
    FPU_IRQHandler                           0x08001347   Thumb Code     0  startup_stm32f40_41xxx.o(.text)
    FSMC_IRQHandler                          0x08001347   Thumb Code     0  startup_stm32f40_41xxx.o(.text)
    HASH_RNG_IRQHandler                      0x08001347   Thumb Code     0  startup_stm32f40_41xxx.o(.text)
    I2C1_ER_IRQHandler                       0x08001347   Thumb Code     0  startup_stm32f40_41xxx.o(.text)
    I2C1_EV_IRQHandler                       0x08001347   Thumb Code     0  startup_stm32f40_41xxx.o(.text)
    I2C2_ER_IRQHandler                       0x08001347   Thumb Code     0  startup_stm32f40_41xxx.o(.text)
    I2C2_EV_IRQHandler                       0x08001347   Thumb Code     0  startup_stm32f40_41xxx.o(.text)
    I2C3_ER_IRQHandler                       0x08001347   Thumb Code     0  startup_stm32f40_41xxx.o(.text)
    I2C3_EV_IRQHandler                       0x08001347   Thumb Code     0  startup_stm32f40_41xxx.o(.text)
    OTG_FS_IRQHandler                        0x08001347   Thumb Code     0  startup_stm32f40_41xxx.o(.text)
    OTG_FS_WKUP_IRQHandler                   0x08001347   Thumb Code     0  startup_stm32f40_41xxx.o(.text)
    OTG_HS_EP1_IN_IRQHandler                 0x08001347   Thumb Code     0  startup_stm32f40_41xxx.o(.text)
    OTG_HS_EP1_OUT_IRQHandler                0x08001347   Thumb Code     0  startup_stm32f40_41xxx.o(.text)
    OTG_HS_IRQHandler                        0x08001347   Thumb Code     0  startup_stm32f40_41xxx.o(.text)
    OTG_HS_WKUP_IRQHandler                   0x08001347   Thumb Code     0  startup_stm32f40_41xxx.o(.text)
    PVD_IRQHandler                           0x08001347   Thumb Code     0  startup_stm32f40_41xxx.o(.text)
    RCC_IRQHandler                           0x08001347   Thumb Code     0  startup_stm32f40_41xxx.o(.text)
    RTC_Alarm_IRQHandler                     0x08001347   Thumb Code     0  startup_stm32f40_41xxx.o(.text)
    RTC_WKUP_IRQHandler                      0x08001347   Thumb Code     0  startup_stm32f40_41xxx.o(.text)
    SDIO_IRQHandler                          0x08001347   Thumb Code     0  startup_stm32f40_41xxx.o(.text)
    SPI1_IRQHandler                          0x08001347   Thumb Code     0  startup_stm32f40_41xxx.o(.text)
    SPI2_IRQHandler                          0x08001347   Thumb Code     0  startup_stm32f40_41xxx.o(.text)
    SPI3_IRQHandler                          0x08001347   Thumb Code     0  startup_stm32f40_41xxx.o(.text)
    TAMP_STAMP_IRQHandler                    0x08001347   Thumb Code     0  startup_stm32f40_41xxx.o(.text)
    TIM1_BRK_TIM9_IRQHandler                 0x08001347   Thumb Code     0  startup_stm32f40_41xxx.o(.text)
    TIM1_CC_IRQHandler                       0x08001347   Thumb Code     0  startup_stm32f40_41xxx.o(.text)
    TIM1_TRG_COM_TIM11_IRQHandler            0x08001347   Thumb Code     0  startup_stm32f40_41xxx.o(.text)
    TIM1_UP_TIM10_IRQHandler                 0x08001347   Thumb Code     0  startup_stm32f40_41xxx.o(.text)
    TIM2_IRQHandler                          0x08001347   Thumb Code     0  startup_stm32f40_41xxx.o(.text)
    TIM3_IRQHandler                          0x08001347   Thumb Code     0  startup_stm32f40_41xxx.o(.text)
    TIM4_IRQHandler                          0x08001347   Thumb Code     0  startup_stm32f40_41xxx.o(.text)
    TIM5_IRQHandler                          0x08001347   Thumb Code     0  startup_stm32f40_41xxx.o(.text)
    TIM6_DAC_IRQHandler                      0x08001347   Thumb Code     0  startup_stm32f40_41xxx.o(.text)
    TIM7_IRQHandler                          0x08001347   Thumb Code     0  startup_stm32f40_41xxx.o(.text)
    TIM8_BRK_TIM12_IRQHandler                0x08001347   Thumb Code     0  startup_stm32f40_41xxx.o(.text)
    TIM8_CC_IRQHandler                       0x08001347   Thumb Code     0  startup_stm32f40_41xxx.o(.text)
    TIM8_TRG_COM_TIM14_IRQHandler            0x08001347   Thumb Code     0  startup_stm32f40_41xxx.o(.text)
    TIM8_UP_TIM13_IRQHandler                 0x08001347   Thumb Code     0  startup_stm32f40_41xxx.o(.text)
    UART4_IRQHandler                         0x08001347   Thumb Code     0  startup_stm32f40_41xxx.o(.text)
    UART5_IRQHandler                         0x08001347   Thumb Code     0  startup_stm32f40_41xxx.o(.text)
    USART2_IRQHandler                        0x08001347   Thumb Code     0  startup_stm32f40_41xxx.o(.text)
    USART3_IRQHandler                        0x08001347   Thumb Code     0  startup_stm32f40_41xxx.o(.text)
    USART6_IRQHandler                        0x08001347   Thumb Code     0  startup_stm32f40_41xxx.o(.text)
    WWDG_IRQHandler                          0x08001347   Thumb Code     0  startup_stm32f40_41xxx.o(.text)
    __user_initial_stackheap                 0x08001349   Thumb Code     0  startup_stm32f40_41xxx.o(.text)
    NVIC_PriorityGroupConfig                 0x0800136d   Thumb Code    10  misc.o(.text)
    NVIC_Init                                0x08001377   Thumb Code   106  misc.o(.text)
    NVIC_SetVectorTable                      0x080013e1   Thumb Code    14  misc.o(.text)
    NVIC_SystemLPConfig                      0x080013ef   Thumb Code    34  misc.o(.text)
    SysTick_CLKSourceConfig                  0x08001411   Thumb Code    40  misc.o(.text)
    GPIO_DeInit                              0x0800144d   Thumb Code   268  stm32f4xx_gpio.o(.text)
    GPIO_Init                                0x08001559   Thumb Code   144  stm32f4xx_gpio.o(.text)
    GPIO_StructInit                          0x080015e9   Thumb Code    18  stm32f4xx_gpio.o(.text)
    GPIO_PinLockConfig                       0x080015fb   Thumb Code    34  stm32f4xx_gpio.o(.text)
    GPIO_ReadInputDataBit                    0x0800161d   Thumb Code    18  stm32f4xx_gpio.o(.text)
    GPIO_ReadInputData                       0x0800162f   Thumb Code     8  stm32f4xx_gpio.o(.text)
    GPIO_ReadOutputDataBit                   0x08001637   Thumb Code    18  stm32f4xx_gpio.o(.text)
    GPIO_ReadOutputData                      0x08001649   Thumb Code     8  stm32f4xx_gpio.o(.text)
    GPIO_SetBits                             0x08001651   Thumb Code     4  stm32f4xx_gpio.o(.text)
    GPIO_ResetBits                           0x08001655   Thumb Code     4  stm32f4xx_gpio.o(.text)
    GPIO_WriteBit                            0x08001659   Thumb Code    10  stm32f4xx_gpio.o(.text)
    GPIO_Write                               0x08001663   Thumb Code     4  stm32f4xx_gpio.o(.text)
    GPIO_ToggleBits                          0x08001667   Thumb Code     8  stm32f4xx_gpio.o(.text)
    GPIO_PinAFConfig                         0x0800166f   Thumb Code    70  stm32f4xx_gpio.o(.text)
    RCC_DeInit                               0x080016e1   Thumb Code    82  stm32f4xx_rcc.o(.text)
    RCC_HSEConfig                            0x08001733   Thumb Code    14  stm32f4xx_rcc.o(.text)
    RCC_GetFlagStatus                        0x08001741   Thumb Code    60  stm32f4xx_rcc.o(.text)
    RCC_WaitForHSEStartUp                    0x0800177d   Thumb Code    56  stm32f4xx_rcc.o(.text)
    RCC_AdjustHSICalibrationValue            0x080017b5   Thumb Code    20  stm32f4xx_rcc.o(.text)
    RCC_HSICmd                               0x080017c9   Thumb Code     6  stm32f4xx_rcc.o(.text)
    RCC_LSEConfig                            0x080017cf   Thumb Code    46  stm32f4xx_rcc.o(.text)
    RCC_LSICmd                               0x080017fd   Thumb Code     6  stm32f4xx_rcc.o(.text)
    RCC_PLLConfig                            0x08001803   Thumb Code    32  stm32f4xx_rcc.o(.text)
    RCC_PLLCmd                               0x08001823   Thumb Code     6  stm32f4xx_rcc.o(.text)
    RCC_PLLI2SConfig                         0x08001829   Thumb Code    14  stm32f4xx_rcc.o(.text)
    RCC_PLLI2SCmd                            0x08001837   Thumb Code     6  stm32f4xx_rcc.o(.text)
    RCC_PLLSAIConfig                         0x0800183d   Thumb Code    20  stm32f4xx_rcc.o(.text)
    RCC_PLLSAICmd                            0x08001851   Thumb Code     6  stm32f4xx_rcc.o(.text)
    RCC_ClockSecuritySystemCmd               0x08001857   Thumb Code     6  stm32f4xx_rcc.o(.text)
    RCC_MCO1Config                           0x0800185d   Thumb Code    28  stm32f4xx_rcc.o(.text)
    RCC_MCO2Config                           0x08001879   Thumb Code    28  stm32f4xx_rcc.o(.text)
    RCC_SYSCLKConfig                         0x08001895   Thumb Code    20  stm32f4xx_rcc.o(.text)
    RCC_GetSYSCLKSource                      0x080018a9   Thumb Code    12  stm32f4xx_rcc.o(.text)
    RCC_HCLKConfig                           0x080018b5   Thumb Code    20  stm32f4xx_rcc.o(.text)
    RCC_PCLK1Config                          0x080018c9   Thumb Code    20  stm32f4xx_rcc.o(.text)
    RCC_PCLK2Config                          0x080018dd   Thumb Code    22  stm32f4xx_rcc.o(.text)
    RCC_GetClocksFreq                        0x080018f3   Thumb Code   222  stm32f4xx_rcc.o(.text)
    RCC_RTCCLKConfig                         0x080019d1   Thumb Code    54  stm32f4xx_rcc.o(.text)
    RCC_RTCCLKCmd                            0x08001a07   Thumb Code     8  stm32f4xx_rcc.o(.text)
    RCC_BackupResetCmd                       0x08001a0f   Thumb Code     8  stm32f4xx_rcc.o(.text)
    RCC_I2SCLKConfig                         0x08001a17   Thumb Code     6  stm32f4xx_rcc.o(.text)
    RCC_SAIPLLI2SClkDivConfig                0x08001a1d   Thumb Code    26  stm32f4xx_rcc.o(.text)
    RCC_SAIPLLSAIClkDivConfig                0x08001a37   Thumb Code    28  stm32f4xx_rcc.o(.text)
    RCC_SAIBlockACLKConfig                   0x08001a53   Thumb Code    20  stm32f4xx_rcc.o(.text)
    RCC_SAIBlockBCLKConfig                   0x08001a67   Thumb Code    20  stm32f4xx_rcc.o(.text)
    RCC_LTDCCLKDivConfig                     0x08001a7b   Thumb Code    20  stm32f4xx_rcc.o(.text)
    RCC_TIMCLKPresConfig                     0x08001a8f   Thumb Code     6  stm32f4xx_rcc.o(.text)
    RCC_AHB1PeriphClockCmd                   0x08001a95   Thumb Code    34  stm32f4xx_rcc.o(.text)
    RCC_AHB2PeriphClockCmd                   0x08001ab7   Thumb Code    78  stm32f4xx_rcc.o(.text)
    RCC_AHB3PeriphClockCmd                   0x08001b05   Thumb Code    34  stm32f4xx_rcc.o(.text)
    RCC_APB1PeriphClockCmd                   0x08001b27   Thumb Code    34  stm32f4xx_rcc.o(.text)
    RCC_APB2PeriphClockCmd                   0x08001b49   Thumb Code    34  stm32f4xx_rcc.o(.text)
    RCC_AHB1PeriphResetCmd                   0x08001b6b   Thumb Code    34  stm32f4xx_rcc.o(.text)
    RCC_AHB2PeriphResetCmd                   0x08001b8d   Thumb Code    34  stm32f4xx_rcc.o(.text)
    RCC_AHB3PeriphResetCmd                   0x08001baf   Thumb Code    34  stm32f4xx_rcc.o(.text)
    RCC_APB1PeriphResetCmd                   0x08001bd1   Thumb Code    34  stm32f4xx_rcc.o(.text)
    RCC_APB2PeriphResetCmd                   0x08001bf3   Thumb Code    34  stm32f4xx_rcc.o(.text)
    RCC_AHB1PeriphClockLPModeCmd             0x08001c15   Thumb Code    34  stm32f4xx_rcc.o(.text)
    RCC_AHB2PeriphClockLPModeCmd             0x08001c37   Thumb Code    34  stm32f4xx_rcc.o(.text)
    RCC_AHB3PeriphClockLPModeCmd             0x08001c59   Thumb Code    34  stm32f4xx_rcc.o(.text)
    RCC_APB1PeriphClockLPModeCmd             0x08001c7b   Thumb Code    34  stm32f4xx_rcc.o(.text)
    RCC_APB2PeriphClockLPModeCmd             0x08001c9d   Thumb Code    34  stm32f4xx_rcc.o(.text)
    RCC_LSEModeConfig                        0x08001cbf   Thumb Code    40  stm32f4xx_rcc.o(.text)
    RCC_ITConfig                             0x08001ce7   Thumb Code    34  stm32f4xx_rcc.o(.text)
    RCC_ClearFlag                            0x08001d09   Thumb Code    18  stm32f4xx_rcc.o(.text)
    RCC_GetITStatus                          0x08001d1b   Thumb Code    22  stm32f4xx_rcc.o(.text)
    RCC_ClearITPendingBit                    0x08001d31   Thumb Code     8  stm32f4xx_rcc.o(.text)
    USART_DeInit                             0x08001d3d   Thumb Code   206  stm32f4xx_usart.o(.text)
    USART_Init                               0x08001e0b   Thumb Code   204  stm32f4xx_usart.o(.text)
    USART_StructInit                         0x08001ed7   Thumb Code    24  stm32f4xx_usart.o(.text)
    USART_ClockInit                          0x08001eef   Thumb Code    32  stm32f4xx_usart.o(.text)
    USART_ClockStructInit                    0x08001f0f   Thumb Code    12  stm32f4xx_usart.o(.text)
    USART_Cmd                                0x08001f1b   Thumb Code    24  stm32f4xx_usart.o(.text)
    USART_SetPrescaler                       0x08001f33   Thumb Code    16  stm32f4xx_usart.o(.text)
    USART_OverSampling8Cmd                   0x08001f43   Thumb Code    22  stm32f4xx_usart.o(.text)
    USART_OneBitMethodCmd                    0x08001f59   Thumb Code    24  stm32f4xx_usart.o(.text)
    USART_SendData                           0x08001f71   Thumb Code     8  stm32f4xx_usart.o(.text)
    USART_ReceiveData                        0x08001f79   Thumb Code    10  stm32f4xx_usart.o(.text)
    USART_SetAddress                         0x08001f83   Thumb Code    18  stm32f4xx_usart.o(.text)
    USART_ReceiverWakeUpCmd                  0x08001f95   Thumb Code    24  stm32f4xx_usart.o(.text)
    USART_WakeUpConfig                       0x08001fad   Thumb Code    18  stm32f4xx_usart.o(.text)
    USART_LINBreakDetectLengthConfig         0x08001fbf   Thumb Code    18  stm32f4xx_usart.o(.text)
    USART_LINCmd                             0x08001fd1   Thumb Code    24  stm32f4xx_usart.o(.text)
    USART_SendBreak                          0x08001fe9   Thumb Code    10  stm32f4xx_usart.o(.text)
    USART_HalfDuplexCmd                      0x08001ff3   Thumb Code    24  stm32f4xx_usart.o(.text)
    USART_SetGuardTime                       0x0800200b   Thumb Code    16  stm32f4xx_usart.o(.text)
    USART_SmartCardCmd                       0x0800201b   Thumb Code    24  stm32f4xx_usart.o(.text)
    USART_SmartCardNACKCmd                   0x08002033   Thumb Code    24  stm32f4xx_usart.o(.text)
    USART_IrDAConfig                         0x0800204b   Thumb Code    18  stm32f4xx_usart.o(.text)
    USART_IrDACmd                            0x0800205d   Thumb Code    24  stm32f4xx_usart.o(.text)
    USART_DMACmd                             0x08002075   Thumb Code    18  stm32f4xx_usart.o(.text)
    USART_ITConfig                           0x08002087   Thumb Code    74  stm32f4xx_usart.o(.text)
    USART_GetFlagStatus                      0x080020d1   Thumb Code    26  stm32f4xx_usart.o(.text)
    USART_ClearFlag                          0x080020eb   Thumb Code    18  stm32f4xx_usart.o(.text)
    USART_GetITStatus                        0x080020fd   Thumb Code   118  stm32f4xx_usart.o(.text)
    USART_ClearITPendingBit                  0x08002173   Thumb Code    30  stm32f4xx_usart.o(.text)
    __use_no_semihosting                     0x08002191   Thumb Code     2  use_no_semi_2.o(.text)
    __2printf                                0x08002195   Thumb Code    20  noretval__2printf.o(.text)
    __printf                                 0x080021ad   Thumb Code   104  __printf.o(.text)
    __use_two_region_memory                  0x08002215   Thumb Code     2  heapauxi.o(.text)
    __rt_heap_escrow$2region                 0x08002217   Thumb Code     2  heapauxi.o(.text)
    __rt_heap_expand$2region                 0x08002219   Thumb Code     2  heapauxi.o(.text)
    __I$use$semihosting                      0x0800221b   Thumb Code     0  use_no_semi.o(.text)
    __use_no_semihosting_swi                 0x0800221b   Thumb Code     2  use_no_semi.o(.text)
    __read_errno                             0x0800221d   Thumb Code    10  _rserrno.o(.text)
    __set_errno                              0x08002227   Thumb Code    12  _rserrno.o(.text)
    __lib_sel_fp_printf                      0x08002233   Thumb Code     2  _printf_fp_dec.o(.text)
    _printf_fp_dec_real                      0x080023e1   Thumb Code   620  _printf_fp_dec.o(.text)
    _printf_char_file                        0x0800264d   Thumb Code    32  _printf_char_file.o(.text)
    __rt_locale                              0x08002671   Thumb Code     8  rt_locale_intlibspace.o(.text)
    __aeabi_errno_addr                       0x08002679   Thumb Code     8  rt_errno_addr_intlibspace.o(.text)
    __errno$intlibspace                      0x08002679   Thumb Code     0  rt_errno_addr_intlibspace.o(.text)
    __rt_errno_addr$intlibspace              0x08002679   Thumb Code     0  rt_errno_addr_intlibspace.o(.text)
    _ll_udiv10                               0x08002681   Thumb Code   138  lludiv10.o(.text)
    _printf_char_common                      0x08002717   Thumb Code    32  _printf_char_common.o(.text)
    _printf_fp_infnan                        0x0800273d   Thumb Code   112  _printf_fp_infnan.o(.text)
    _btod_etento                             0x080027bd   Thumb Code   216  bigflt0.o(.text)
    ferror                                   0x08002899   Thumb Code     8  ferror.o(.text)
    __user_libspace                          0x080028a1   Thumb Code     8  libspace.o(.text)
    __user_perproc_libspace                  0x080028a1   Thumb Code     0  libspace.o(.text)
    __user_perthread_libspace                0x080028a1   Thumb Code     0  libspace.o(.text)
    __user_setup_stackheap                   0x080028a9   Thumb Code    74  sys_stackheap_outer.o(.text)
    exit                                     0x080028f3   Thumb Code    18  exit.o(.text)
    strcmp                                   0x08002905   Thumb Code   128  strcmpv7m.o(.text)
    _btod_d2e                                0x08002985   Thumb Code    62  btod.o(CL$$btod_d2e)
    _d2e_denorm_low                          0x080029c3   Thumb Code    70  btod.o(CL$$btod_d2e_denorm_low)
    _d2e_norm_op1                            0x08002a09   Thumb Code    96  btod.o(CL$$btod_d2e_norm_op1)
    __btod_div_common                        0x08002a69   Thumb Code   696  btod.o(CL$$btod_div_common)
    _e2e                                     0x08002da1   Thumb Code   198  btod.o(CL$$btod_e2e)
    _btod_ediv                               0x08002e67   Thumb Code    40  btod.o(CL$$btod_ediv)
    _btod_emul                               0x08002e8f   Thumb Code    40  btod.o(CL$$btod_emul)
    __btod_mult_common                       0x08002eb7   Thumb Code   580  btod.o(CL$$btod_mult_common)
    __ARM_fpclassify                         0x080030fb   Thumb Code    48  fpclassify.o(i.__ARM_fpclassify)
    __hardfp_pow                             0x08003131   Thumb Code  3072  pow.o(i.__hardfp_pow)
    __kernel_poly                            0x08003d81   Thumb Code   248  poly.o(i.__kernel_poly)
    __mathlib_dbl_divzero                    0x08003e79   Thumb Code    28  dunder.o(i.__mathlib_dbl_divzero)
    __mathlib_dbl_infnan2                    0x08003ea9   Thumb Code    20  dunder.o(i.__mathlib_dbl_infnan2)
    __mathlib_dbl_invalid                    0x08003ec1   Thumb Code    24  dunder.o(i.__mathlib_dbl_invalid)
    __mathlib_dbl_overflow                   0x08003ee1   Thumb Code    24  dunder.o(i.__mathlib_dbl_overflow)
    __mathlib_dbl_underflow                  0x08003f01   Thumb Code    24  dunder.o(i.__mathlib_dbl_underflow)
    fabs                                     0x08003f21   Thumb Code    24  fabs.o(i.fabs)
    sqrt                                     0x08003f39   Thumb Code   110  sqrt.o(i.sqrt)
    _get_lc_numeric                          0x08003fa9   Thumb Code    44  lc_numeric_c.o(locale$$code)
    __aeabi_dneg                             0x08003fd5   Thumb Code     0  basic.o(x$fpl$basic)
    _dneg                                    0x08003fd5   Thumb Code     6  basic.o(x$fpl$basic)
    __aeabi_fneg                             0x08003fdb   Thumb Code     0  basic.o(x$fpl$basic)
    _fneg                                    0x08003fdb   Thumb Code     6  basic.o(x$fpl$basic)
    _dabs                                    0x08003fe1   Thumb Code     6  basic.o(x$fpl$basic)
    _fabs                                    0x08003fe7   Thumb Code     6  basic.o(x$fpl$basic)
    __aeabi_d2f                              0x08003fed   Thumb Code     0  d2f.o(x$fpl$d2f)
    _d2f                                     0x08003fed   Thumb Code    98  d2f.o(x$fpl$d2f)
    __aeabi_dadd                             0x08004051   Thumb Code     0  daddsub_clz.o(x$fpl$dadd)
    _dadd                                    0x08004051   Thumb Code   332  daddsub_clz.o(x$fpl$dadd)
    __fpl_dcheck_NaN1                        0x080041a1   Thumb Code    10  dcheck1.o(x$fpl$dcheck1)
    __fpl_dcmp_Inf                           0x080041b1   Thumb Code    24  dcmpi.o(x$fpl$dcmpinf)
    __aeabi_ddiv                             0x080041c9   Thumb Code     0  ddiv.o(x$fpl$ddiv)
    _ddiv                                    0x080041c9   Thumb Code   552  ddiv.o(x$fpl$ddiv)
    __aeabi_i2d                              0x08004479   Thumb Code     0  dflt_clz.o(x$fpl$dflt)
    _dflt                                    0x08004479   Thumb Code    46  dflt_clz.o(x$fpl$dflt)
    __aeabi_ui2d                             0x080044a7   Thumb Code     0  dflt_clz.o(x$fpl$dfltu)
    _dfltu                                   0x080044a7   Thumb Code    38  dflt_clz.o(x$fpl$dfltu)
    __aeabi_cdcmple                          0x080044cd   Thumb Code     0  dleqf.o(x$fpl$dleqf)
    _dcmple                                  0x080044cd   Thumb Code   120  dleqf.o(x$fpl$dleqf)
    __fpl_dcmple_InfNaN                      0x0800452f   Thumb Code     0  dleqf.o(x$fpl$dleqf)
    __aeabi_dmul                             0x08004545   Thumb Code     0  dmul.o(x$fpl$dmul)
    _dmul                                    0x08004545   Thumb Code   332  dmul.o(x$fpl$dmul)
    __fpl_dnaninf                            0x08004699   Thumb Code   156  dnaninf.o(x$fpl$dnaninf)
    __fpl_dretinf                            0x08004735   Thumb Code    12  dretinf.o(x$fpl$dretinf)
    __aeabi_cdrcmple                         0x08004741   Thumb Code     0  drleqf.o(x$fpl$drleqf)
    _drcmple                                 0x08004741   Thumb Code   108  drleqf.o(x$fpl$drleqf)
    __aeabi_drsub                            0x080047ad   Thumb Code     0  daddsub_clz.o(x$fpl$drsb)
    _drsb                                    0x080047ad   Thumb Code    22  daddsub_clz.o(x$fpl$drsb)
    _dsqrt                                   0x080047c5   Thumb Code   404  dsqrt_umaal.o(x$fpl$dsqrt)
    __aeabi_dsub                             0x0800495d   Thumb Code     0  daddsub_clz.o(x$fpl$dsub)
    _dsub                                    0x0800495d   Thumb Code   464  daddsub_clz.o(x$fpl$dsub)
    __aeabi_f2d                              0x08004b31   Thumb Code     0  f2d.o(x$fpl$f2d)
    _f2d                                     0x08004b31   Thumb Code    86  f2d.o(x$fpl$f2d)
    __fpl_fnaninf                            0x08004b87   Thumb Code   140  fnaninf.o(x$fpl$fnaninf)
    _fp_init                                 0x08004c13   Thumb Code    10  fpinit.o(x$fpl$fpinit)
    __fplib_config_fpu_vfp                   0x08004c1b   Thumb Code     0  fpinit.o(x$fpl$fpinit)
    __fplib_config_pureend_doubles           0x08004c1b   Thumb Code     0  fpinit.o(x$fpl$fpinit)
    __fpl_fretinf                            0x08004c1d   Thumb Code    10  fretinf.o(x$fpl$fretinf)
    _printf_fp_dec                           0x08004c27   Thumb Code     4  printf1.o(x$fpl$printf1)
    __fpl_return_NaN                         0x08004c2b   Thumb Code   100  retnan.o(x$fpl$retnan)
    __ARM_scalbn                             0x08004c8f   Thumb Code    92  scalbn.o(x$fpl$scalbn)
    __fpl_cmpreturn                          0x08004ceb   Thumb Code    48  trapv.o(x$fpl$trapveneer)
    __I$use$fp                               0x08004d1a   Number         0  usenofp.o(x$fpl$usenofp)
    __mathlib_zero                           0x08004da8   Data           8  qnan.o(.constdata)
    Region$$Table$$Base                      0x08004e44   Number         0  anon$$obj.o(Region$$Table)
    Region$$Table$$Limit                     0x08004e64   Number         0  anon$$obj.o(Region$$Table)
    SystemCoreClock                          0x20000000   Data           4  system_stm32f4xx.o(.data)
    AHBPrescTable                            0x20000004   Data          16  system_stm32f4xx.o(.data)
    hum_raw                                  0x20000014   Data           4  bme280.o(.data)
    temp_raw                                 0x20000018   Data           4  bme280.o(.data)
    pres_raw                                 0x2000001c   Data           4  bme280.o(.data)
    t_fine                                   0x20000020   Data           4  bme280.o(.data)
    dig_T1                                   0x20000024   Data           2  bme280.o(.data)
    dig_T2                                   0x20000026   Data           2  bme280.o(.data)
    dig_T3                                   0x20000028   Data           2  bme280.o(.data)
    dig_P1                                   0x2000002a   Data           2  bme280.o(.data)
    dig_P2                                   0x2000002c   Data           2  bme280.o(.data)
    dig_P3                                   0x2000002e   Data           2  bme280.o(.data)
    dig_P4                                   0x20000030   Data           2  bme280.o(.data)
    dig_P5                                   0x20000032   Data           2  bme280.o(.data)
    dig_P6                                   0x20000034   Data           2  bme280.o(.data)
    dig_P7                                   0x20000036   Data           2  bme280.o(.data)
    dig_P8                                   0x20000038   Data           2  bme280.o(.data)
    dig_P9                                   0x2000003a   Data           2  bme280.o(.data)
    dig_H1                                   0x2000003c   Data           1  bme280.o(.data)
    dig_H2                                   0x2000003e   Data           2  bme280.o(.data)
    dig_H3                                   0x20000040   Data           1  bme280.o(.data)
    dig_H4                                   0x20000042   Data           2  bme280.o(.data)
    dig_H5                                   0x20000044   Data           2  bme280.o(.data)
    dig_H6                                   0x20000046   Data           1  bme280.o(.data)
    __stdout                                 0x2000004c   Data           4  usart.o(.data)
    USART_RX_STA                             0x20000050   Data           2  usart.o(.data)
    USART_RX_BUF                             0x20000064   Data         200  usart.o(.bss)
    __libspace_start                         0x2000012c   Data          96  libspace.o(.bss)
    __temporary_stack_top$libspace           0x2000018c   Data           0  libspace.o(.bss)



==============================================================================

Memory Map of the image

  Image Entry point : 0x08000189

  Load Region LR_IROM1 (Base: 0x08000000, Size: 0x00004ee4, Max: 0x00100000, ABSOLUTE)

    Execution Region ER_IROM1 (Base: 0x08000000, Size: 0x00004e80, Max: 0x00100000, ABSOLUTE)

    Base Addr    Size         Type   Attr      Idx    E Section Name        Object

    0x08000000   0x00000188   Data   RO          392    RESET               startup_stm32f40_41xxx.o
    0x08000188   0x00000008   Code   RO          556  * !!!main             c_w.l(__main.o)
    0x08000190   0x00000034   Code   RO          874    !!!scatter          c_w.l(__scatter.o)
    0x080001c4   0x0000001a   Code   RO          876    !!handler_copy      c_w.l(__scatter_copy.o)
    0x080001de   0x00000002   PAD
    0x080001e0   0x0000001c   Code   RO          878    !!handler_zi        c_w.l(__scatter_zi.o)
    0x080001fc   0x00000000   Code   RO          553    .ARM.Collect$$_printf_percent$$00000000  c_w.l(_printf_percent.o)
    0x080001fc   0x00000006   Code   RO          552    .ARM.Collect$$_printf_percent$$00000003  c_w.l(_printf_f.o)
    0x08000202   0x00000004   Code   RO          605    .ARM.Collect$$_printf_percent$$00000017  c_w.l(_printf_percent_end.o)
    0x08000206   0x00000002   Code   RO          745    .ARM.Collect$$libinit$$00000000  c_w.l(libinit.o)
    0x08000208   0x00000004   Code   RO          746    .ARM.Collect$$libinit$$00000001  c_w.l(libinit2.o)
    0x0800020c   0x00000000   Code   RO          749    .ARM.Collect$$libinit$$00000004  c_w.l(libinit2.o)
    0x0800020c   0x00000000   Code   RO          752    .ARM.Collect$$libinit$$0000000A  c_w.l(libinit2.o)
    0x0800020c   0x00000000   Code   RO          754    .ARM.Collect$$libinit$$0000000C  c_w.l(libinit2.o)
    0x0800020c   0x00000000   Code   RO          756    .ARM.Collect$$libinit$$0000000E  c_w.l(libinit2.o)
    0x0800020c   0x00000006   Code   RO          757    .ARM.Collect$$libinit$$0000000F  c_w.l(libinit2.o)
    0x08000212   0x00000000   Code   RO          759    .ARM.Collect$$libinit$$00000011  c_w.l(libinit2.o)
    0x08000212   0x00000000   Code   RO          761    .ARM.Collect$$libinit$$00000013  c_w.l(libinit2.o)
    0x08000212   0x00000000   Code   RO          763    .ARM.Collect$$libinit$$00000015  c_w.l(libinit2.o)
    0x08000212   0x0000000a   Code   RO          764    .ARM.Collect$$libinit$$00000016  c_w.l(libinit2.o)
    0x0800021c   0x00000000   Code   RO          765    .ARM.Collect$$libinit$$00000017  c_w.l(libinit2.o)
    0x0800021c   0x00000000   Code   RO          767    .ARM.Collect$$libinit$$00000019  c_w.l(libinit2.o)
    0x0800021c   0x00000000   Code   RO          769    .ARM.Collect$$libinit$$0000001B  c_w.l(libinit2.o)
    0x0800021c   0x00000000   Code   RO          771    .ARM.Collect$$libinit$$0000001D  c_w.l(libinit2.o)
    0x0800021c   0x00000000   Code   RO          773    .ARM.Collect$$libinit$$0000001F  c_w.l(libinit2.o)
    0x0800021c   0x00000000   Code   RO          775    .ARM.Collect$$libinit$$00000021  c_w.l(libinit2.o)
    0x0800021c   0x00000000   Code   RO          777    .ARM.Collect$$libinit$$00000023  c_w.l(libinit2.o)
    0x0800021c   0x00000000   Code   RO          779    .ARM.Collect$$libinit$$00000025  c_w.l(libinit2.o)
    0x0800021c   0x00000000   Code   RO          783    .ARM.Collect$$libinit$$0000002C  c_w.l(libinit2.o)
    0x0800021c   0x00000000   Code   RO          785    .ARM.Collect$$libinit$$0000002E  c_w.l(libinit2.o)
    0x0800021c   0x00000000   Code   RO          787    .ARM.Collect$$libinit$$00000030  c_w.l(libinit2.o)
    0x0800021c   0x00000000   Code   RO          789    .ARM.Collect$$libinit$$00000032  c_w.l(libinit2.o)
    0x0800021c   0x00000002   Code   RO          790    .ARM.Collect$$libinit$$00000033  c_w.l(libinit2.o)
    0x0800021e   0x00000002   Code   RO          824    .ARM.Collect$$libshutdown$$00000000  c_w.l(libshutdown.o)
    0x08000220   0x00000000   Code   RO          833    .ARM.Collect$$libshutdown$$00000002  c_w.l(libshutdown2.o)
    0x08000220   0x00000000   Code   RO          835    .ARM.Collect$$libshutdown$$00000004  c_w.l(libshutdown2.o)
    0x08000220   0x00000000   Code   RO          838    .ARM.Collect$$libshutdown$$00000007  c_w.l(libshutdown2.o)
    0x08000220   0x00000000   Code   RO          841    .ARM.Collect$$libshutdown$$0000000A  c_w.l(libshutdown2.o)
    0x08000220   0x00000000   Code   RO          843    .ARM.Collect$$libshutdown$$0000000C  c_w.l(libshutdown2.o)
    0x08000220   0x00000000   Code   RO          846    .ARM.Collect$$libshutdown$$0000000F  c_w.l(libshutdown2.o)
    0x08000220   0x00000002   Code   RO          847    .ARM.Collect$$libshutdown$$00000010  c_w.l(libshutdown2.o)
    0x08000222   0x00000000   Code   RO          598    .ARM.Collect$$rtentry$$00000000  c_w.l(__rtentry.o)
    0x08000222   0x00000000   Code   RO          659    .ARM.Collect$$rtentry$$00000002  c_w.l(__rtentry2.o)
    0x08000222   0x00000006   Code   RO          671    .ARM.Collect$$rtentry$$00000004  c_w.l(__rtentry4.o)
    0x08000228   0x00000000   Code   RO          661    .ARM.Collect$$rtentry$$00000009  c_w.l(__rtentry2.o)
    0x08000228   0x00000004   Code   RO          662    .ARM.Collect$$rtentry$$0000000A  c_w.l(__rtentry2.o)
    0x0800022c   0x00000000   Code   RO          664    .ARM.Collect$$rtentry$$0000000C  c_w.l(__rtentry2.o)
    0x0800022c   0x00000008   Code   RO          665    .ARM.Collect$$rtentry$$0000000D  c_w.l(__rtentry2.o)
    0x08000234   0x00000002   Code   RO          795    .ARM.Collect$$rtexit$$00000000  c_w.l(rtexit.o)
    0x08000236   0x00000000   Code   RO          804    .ARM.Collect$$rtexit$$00000002  c_w.l(rtexit2.o)
    0x08000236   0x00000004   Code   RO          805    .ARM.Collect$$rtexit$$00000003  c_w.l(rtexit2.o)
    0x0800023a   0x00000006   Code   RO          806    .ARM.Collect$$rtexit$$00000004  c_w.l(rtexit2.o)
    0x08000240   0x0000007c   Code   RO            3    .text               main.o
    0x080002bc   0x0000001a   Code   RO          156    .text               stm32f4xx_it.o
    0x080002d6   0x00000002   PAD
    0x080002d8   0x00000210   Code   RO          205    .text               system_stm32f4xx.o
    0x080004e8   0x00000040   Code   RO          231    .text               led.o
    0x08000528   0x000005fc   Code   RO          251    .text               myiic.o
    0x08000b24   0x000005b8   Code   RO          294    .text               bme280.o
    0x080010dc   0x00000104   Code   RO          321    .text               delay.o
    0x080011e0   0x0000014c   Code   RO          361    .text               usart.o
    0x0800132c   0x00000040   Code   RO          393    .text               startup_stm32f40_41xxx.o
    0x0800136c   0x000000e0   Code   RO          399    .text               misc.o
    0x0800144c   0x00000294   Code   RO          419    .text               stm32f4xx_gpio.o
    0x080016e0   0x0000065c   Code   RO          462    .text               stm32f4xx_rcc.o
    0x08001d3c   0x00000454   Code   RO          504    .text               stm32f4xx_usart.o
    0x08002190   0x00000002   Code   RO          524    .text               c_w.l(use_no_semi_2.o)
    0x08002192   0x00000002   PAD
    0x08002194   0x00000018   Code   RO          528    .text               c_w.l(noretval__2printf.o)
    0x080021ac   0x00000068   Code   RO          530    .text               c_w.l(__printf.o)
    0x08002214   0x00000006   Code   RO          554    .text               c_w.l(heapauxi.o)
    0x0800221a   0x00000002   Code   RO          596    .text               c_w.l(use_no_semi.o)
    0x0800221c   0x00000016   Code   RO          599    .text               c_w.l(_rserrno.o)
    0x08002232   0x0000041a   Code   RO          601    .text               c_w.l(_printf_fp_dec.o)
    0x0800264c   0x00000024   Code   RO          603    .text               c_w.l(_printf_char_file.o)
    0x08002670   0x00000008   Code   RO          676    .text               c_w.l(rt_locale_intlibspace.o)
    0x08002678   0x00000008   Code   RO          681    .text               c_w.l(rt_errno_addr_intlibspace.o)
    0x08002680   0x0000008a   Code   RO          683    .text               c_w.l(lludiv10.o)
    0x0800270a   0x00000002   PAD
    0x0800270c   0x00000030   Code   RO          685    .text               c_w.l(_printf_char_common.o)
    0x0800273c   0x00000080   Code   RO          687    .text               c_w.l(_printf_fp_infnan.o)
    0x080027bc   0x000000dc   Code   RO          689    .text               c_w.l(bigflt0.o)
    0x08002898   0x00000008   Code   RO          714    .text               c_w.l(ferror.o)
    0x080028a0   0x00000008   Code   RO          729    .text               c_w.l(libspace.o)
    0x080028a8   0x0000004a   Code   RO          732    .text               c_w.l(sys_stackheap_outer.o)
    0x080028f2   0x00000012   Code   RO          736    .text               c_w.l(exit.o)
    0x08002904   0x00000080   Code   RO          738    .text               c_w.l(strcmpv7m.o)
    0x08002984   0x0000003e   Code   RO          692    CL$$btod_d2e        c_w.l(btod.o)
    0x080029c2   0x00000046   Code   RO          694    CL$$btod_d2e_denorm_low  c_w.l(btod.o)
    0x08002a08   0x00000060   Code   RO          693    CL$$btod_d2e_norm_op1  c_w.l(btod.o)
    0x08002a68   0x00000338   Code   RO          702    CL$$btod_div_common  c_w.l(btod.o)
    0x08002da0   0x000000c6   Code   RO          699    CL$$btod_e2e        c_w.l(btod.o)
    0x08002e66   0x00000028   Code   RO          696    CL$$btod_ediv       c_w.l(btod.o)
    0x08002e8e   0x00000028   Code   RO          695    CL$$btod_emul       c_w.l(btod.o)
    0x08002eb6   0x00000244   Code   RO          701    CL$$btod_mult_common  c_w.l(btod.o)
    0x080030fa   0x00000030   Code   RO          641    i.__ARM_fpclassify  m_wm.l(fpclassify.o)
    0x0800312a   0x00000006   PAD
    0x08003130   0x00000c50   Code   RO          582    i.__hardfp_pow      m_wm.l(pow.o)
    0x08003d80   0x000000f8   Code   RO          643    i.__kernel_poly     m_wm.l(poly.o)
    0x08003e78   0x00000030   Code   RO          621    i.__mathlib_dbl_divzero  m_wm.l(dunder.o)
    0x08003ea8   0x00000014   Code   RO          623    i.__mathlib_dbl_infnan2  m_wm.l(dunder.o)
    0x08003ebc   0x00000004   PAD
    0x08003ec0   0x00000020   Code   RO          624    i.__mathlib_dbl_invalid  m_wm.l(dunder.o)
    0x08003ee0   0x00000020   Code   RO          625    i.__mathlib_dbl_overflow  m_wm.l(dunder.o)
    0x08003f00   0x00000020   Code   RO          627    i.__mathlib_dbl_underflow  m_wm.l(dunder.o)
    0x08003f20   0x00000018   Code   RO          637    i.fabs              m_wm.l(fabs.o)
    0x08003f38   0x0000006e   Code   RO          648    i.sqrt              m_wm.l(sqrt.o)
    0x08003fa6   0x00000002   PAD
    0x08003fa8   0x0000002c   Code   RO          719    locale$$code        c_w.l(lc_numeric_c.o)
    0x08003fd4   0x00000018   Code   RO          606    x$fpl$basic         fz_wm.l(basic.o)
    0x08003fec   0x00000062   Code   RO          558    x$fpl$d2f           fz_wm.l(d2f.o)
    0x0800404e   0x00000002   PAD
    0x08004050   0x00000150   Code   RO          560    x$fpl$dadd          fz_wm.l(daddsub_clz.o)
    0x080041a0   0x00000010   Code   RO          721    x$fpl$dcheck1       fz_wm.l(dcheck1.o)
    0x080041b0   0x00000018   Code   RO          791    x$fpl$dcmpinf       fz_wm.l(dcmpi.o)
    0x080041c8   0x000002b0   Code   RO          567    x$fpl$ddiv          fz_wm.l(ddiv.o)
    0x08004478   0x0000002e   Code   RO          571    x$fpl$dflt          fz_wm.l(dflt_clz.o)
    0x080044a6   0x00000026   Code   RO          570    x$fpl$dfltu         fz_wm.l(dflt_clz.o)
    0x080044cc   0x00000078   Code   RO          723    x$fpl$dleqf         fz_wm.l(dleqf.o)
    0x08004544   0x00000154   Code   RO          576    x$fpl$dmul          fz_wm.l(dmul.o)
    0x08004698   0x0000009c   Code   RO          608    x$fpl$dnaninf       fz_wm.l(dnaninf.o)
    0x08004734   0x0000000c   Code   RO          610    x$fpl$dretinf       fz_wm.l(dretinf.o)
    0x08004740   0x0000006c   Code   RO          612    x$fpl$drleqf        fz_wm.l(drleqf.o)
    0x080047ac   0x00000016   Code   RO          561    x$fpl$drsb          fz_wm.l(daddsub_clz.o)
    0x080047c2   0x00000002   PAD
    0x080047c4   0x00000198   Code   RO          725    x$fpl$dsqrt         fz_wm.l(dsqrt_umaal.o)
    0x0800495c   0x000001d4   Code   RO          562    x$fpl$dsub          fz_wm.l(daddsub_clz.o)
    0x08004b30   0x00000056   Code   RO          578    x$fpl$f2d           fz_wm.l(f2d.o)
    0x08004b86   0x0000008c   Code   RO          614    x$fpl$fnaninf       fz_wm.l(fnaninf.o)
    0x08004c12   0x0000000a   Code   RO          799    x$fpl$fpinit        fz_wm.l(fpinit.o)
    0x08004c1c   0x0000000a   Code   RO          616    x$fpl$fretinf       fz_wm.l(fretinf.o)
    0x08004c26   0x00000004   Code   RO          580    x$fpl$printf1       fz_wm.l(printf1.o)
    0x08004c2a   0x00000064   Code   RO          793    x$fpl$retnan        fz_wm.l(retnan.o)
    0x08004c8e   0x0000005c   Code   RO          618    x$fpl$scalbn        fz_wm.l(scalbn.o)
    0x08004cea   0x00000030   Code   RO          801    x$fpl$trapveneer    fz_wm.l(trapv.o)
    0x08004d1a   0x00000000   Code   RO          620    x$fpl$usenofp       fz_wm.l(usenofp.o)
    0x08004d1a   0x00000006   PAD
    0x08004d20   0x00000088   Data   RO          585    .constdata          m_wm.l(pow.o)
    0x08004da8   0x00000008   Data   RO          645    .constdata          m_wm.l(qnan.o)
    0x08004db0   0x00000094   Data   RO          690    .constdata          c_w.l(bigflt0.o)
    0x08004e44   0x00000020   Data   RO          872    Region$$Table       anon$$obj.o
    0x08004e64   0x0000001c   Data   RO          718    locale$$data        c_w.l(lc_numeric_c.o)


    Execution Region RW_IRAM1 (Base: 0x20000000, Size: 0x00000790, Max: 0x00020000, ABSOLUTE)

    Base Addr    Size         Type   Attr      Idx    E Section Name        Object

    0x20000000   0x00000014   Data   RW          206    .data               system_stm32f4xx.o
    0x20000014   0x00000033   Data   RW          295    .data               bme280.o
    0x20000047   0x00000001   PAD
    0x20000048   0x00000004   Data   RW          322    .data               delay.o
    0x2000004c   0x00000006   Data   RW          363    .data               usart.o
    0x20000052   0x00000010   Data   RW          463    .data               stm32f4xx_rcc.o
    0x20000062   0x00000002   PAD
    0x20000064   0x000000c8   Zero   RW          362    .bss                usart.o
    0x2000012c   0x00000060   Zero   RW          730    .bss                c_w.l(libspace.o)
    0x2000018c   0x00000004   PAD
    0x20000190   0x00000200   Zero   RW          391    HEAP                startup_stm32f40_41xxx.o
    0x20000390   0x00000400   Zero   RW          390    STACK               startup_stm32f40_41xxx.o


==============================================================================

Image component sizes


      Code (inc. data)   RO Data    RW Data    ZI Data      Debug   Object Name

      1464        164          0         51          0       4219   bme280.o
       260          8          0          4          0       1445   delay.o
        64          4          0          0          0        507   led.o
       124         12          0          0          0     263891   main.o
       224         20          0          0          0       1781   misc.o
      1532         14          0          0          0       4679   myiic.o
        64         26        392          0       1536        816   startup_stm32f40_41xxx.o
       660         44          0          0          0       4121   stm32f4xx_gpio.o
        26          0          0          0          0       1202   stm32f4xx_it.o
      1628         52          0         16          0      12980   stm32f4xx_rcc.o
      1108         34          0          0          0       7844   stm32f4xx_usart.o
       528         46          0         20          0       1723   system_stm32f4xx.o
       332         18          0          6        200       3302   usart.o

    ----------------------------------------------------------------------
      8016        442        424        100       1736     308510   Object Totals
         0          0         32          0          0          0   (incl. Generated)
         2          0          0          3          0          0   (incl. Padding)

    ----------------------------------------------------------------------

      Code (inc. data)   RO Data    RW Data    ZI Data      Debug   Library Member Name

         8          0          0          0          0         68   __main.o
       104          0          0          0          0         84   __printf.o
         0          0          0          0          0          0   __rtentry.o
        12          0          0          0          0          0   __rtentry2.o
         6          0          0          0          0          0   __rtentry4.o
        52          8          0          0          0          0   __scatter.o
        26          0          0          0          0          0   __scatter_copy.o
        28          0          0          0          0          0   __scatter_zi.o
        48          6          0          0          0         96   _printf_char_common.o
        36          4          0          0          0         80   _printf_char_file.o
         6          0          0          0          0          0   _printf_f.o
      1050          0          0          0          0        216   _printf_fp_dec.o
       128         16          0          0          0         84   _printf_fp_infnan.o
         0          0          0          0          0          0   _printf_percent.o
         4          0          0          0          0          0   _printf_percent_end.o
        22          0          0          0          0        100   _rserrno.o
       220          4        148          0          0         96   bigflt0.o
      1910        128          0          0          0        672   btod.o
        18          0          0          0          0         80   exit.o
         8          0          0          0          0         68   ferror.o
         6          0          0          0          0        152   heapauxi.o
        44         10         28          0          0         76   lc_numeric_c.o
         2          0          0          0          0          0   libinit.o
        22          0          0          0          0          0   libinit2.o
         2          0          0          0          0          0   libshutdown.o
         2          0          0          0          0          0   libshutdown2.o
         8          4          0          0         96         68   libspace.o
       138          0          0          0          0         80   lludiv10.o
        24          4          0          0          0         84   noretval__2printf.o
         8          4          0          0          0         68   rt_errno_addr_intlibspace.o
         8          4          0          0          0         68   rt_locale_intlibspace.o
         2          0          0          0          0          0   rtexit.o
        10          0          0          0          0          0   rtexit2.o
       128          0          0          0          0         68   strcmpv7m.o
        74          0          0          0          0         80   sys_stackheap_outer.o
         2          0          0          0          0         68   use_no_semi.o
         2          0          0          0          0         68   use_no_semi_2.o
        24          0          0          0          0        164   basic.o
        98          4          0          0          0        140   d2f.o
       826         16          0          0          0        492   daddsub_clz.o
        16          4          0          0          0        116   dcheck1.o
        24          0          0          0          0        116   dcmpi.o
       688        140          0          0          0        256   ddiv.o
        84          0          0          0          0        232   dflt_clz.o
       120          4          0          0          0        140   dleqf.o
       340         12          0          0          0        152   dmul.o
       156          4          0          0          0        140   dnaninf.o
        12          0          0          0          0        116   dretinf.o
       108          0          0          0          0        128   drleqf.o
       408         56          0          0          0        168   dsqrt_umaal.o
        86          4          0          0          0        132   f2d.o
       140          4          0          0          0        132   fnaninf.o
        10          0          0          0          0        116   fpinit.o
        10          0          0          0          0        116   fretinf.o
         4          0          0          0          0        116   printf1.o
       100          0          0          0          0        116   retnan.o
        92          0          0          0          0        116   scalbn.o
        48          0          0          0          0        116   trapv.o
         0          0          0          0          0          0   usenofp.o
       164         44          0          0          0        620   dunder.o
        24          0          0          0          0        124   fabs.o
        48          0          0          0          0        124   fpclassify.o
       248          0          0          0          0        152   poly.o
      3152        296        136          0          0        352   pow.o
         0          0          8          0          0          0   qnan.o
       110          0          0          0          0        148   sqrt.o

    ----------------------------------------------------------------------
     11336        780        320          0        100       7364   Library Totals
        28          0          0          0          4          0   (incl. Padding)

    ----------------------------------------------------------------------

      Code (inc. data)   RO Data    RW Data    ZI Data      Debug   Library Name

      4168        192        176          0         96       2524   c_w.l
      3394        248          0          0          0       3320   fz_wm.l
      3746        340        144          0          0       1520   m_wm.l

    ----------------------------------------------------------------------
     11336        780        320          0        100       7364   Library Totals

    ----------------------------------------------------------------------

==============================================================================


      Code (inc. data)   RO Data    RW Data    ZI Data      Debug   

     19352       1222        744        100       1836     309122   Grand Totals
     19352       1222        744        100       1836     309122   ELF Image Totals
     19352       1222        744        100          0          0   ROM Totals

==============================================================================

    Total RO  Size (Code + RO Data)                20096 (  19.63kB)
    Total RW  Size (RW Data + ZI Data)              1936 (   1.89kB)
    Total ROM Size (Code + RO Data + RW Data)      20196 (  19.72kB)

==============================================================================

